collected 13 items

tests/test_agents.py::test_parse_user_query 
-------------------------------- live log setup --------------------------------
2025-01-28 02:40:01 [    INFO] 
========================================================================================================================
 (test_agents.py:31)
2025-01-28 02:40:01 [    INFO] Starting test: test_parse_user_query (test_agents.py:37)
2025-01-28 02:40:01 [    INFO] 
========================================================================================================================
 (test_agents.py:31)
2025-01-28 02:40:01 [    INFO] Setting up mock database (test_agents.py:67)
2025-01-28 02:40:01 [   DEBUG] Mock database schema configured (test_agents.py:74)
2025-01-28 02:40:01 [    INFO] Initializing OllamaLLM for testing (test_agents.py:47)
2025-01-28 02:40:01 [   DEBUG] load_ssl_context verify=True cert=None trust_env=True http2=False (_config.py:80)
2025-01-28 02:40:01 [   DEBUG] load_verify_locations cafile='/opt/anaconda3/lib/python3.12/site-packages/certifi/cacert.pem' (_config.py:146)
2025-01-28 02:40:01 [   DEBUG] load_ssl_context verify=True cert=None trust_env=True http2=False (_config.py:80)
2025-01-28 02:40:01 [   DEBUG] load_verify_locations cafile='/opt/anaconda3/lib/python3.12/site-packages/certifi/cacert.pem' (_config.py:146)
2025-01-28 02:40:01 [    INFO] Initializing AnalysisAgent (analysis_agent.py:34)
2025-01-28 02:40:01 [    INFO] Successfully initialized all components (analysis_agent.py:98)
-------------------------------- live log call ---------------------------------
2025-01-28 02:40:01 [    INFO] Testing query parsing (test_agents.py:84)
2025-01-28 02:40:01 [    INFO] Parsing user query: Show me total revenue by product (analysis_agent.py:102)
2025-01-28 02:40:01 [   DEBUG] 
========================================================================================================================
PROMPT TO MODEL:
========================================================================================================================
<system>You are a query parser that converts natural language queries into structured JSON format.

CRITICAL: Your response MUST follow this EXACT format:
<o>
{
    "metrics": [...],
    "dimensions": [...],
    "time_range": {...},
    "filters": {...},
    "sort": {...}
}
</o>

Rules:
1. The <o> and </o> tags are MANDATORY - responses without these tags will cause ERRORS
2. Between these tags, output ONLY valid JSON
3. No other text, explanations, or formatting is allowed
4. All JSON must use double quotes for keys and string values
5. All field names must be lowercase
6. Dates must use ISO format YYYY-MM-DD
7. Arrays must use square brackets []
8. Objects must use curly braces {}
9. Empty fields must use appropriate empty structures ([] for arrays, {} for objects)
</system>

<user>Parse this query into a structured JSON format: "Show me total revenue by product"

Remember: Your response MUST start with <o> and end with </o></user>

<assistant>Here are some examples of correctly formatted responses:

Query: "Show me revenue and units by product for Q1 2024"
<o>
{
    "metrics": ["revenue", "units"],
    "time_range": {
        "start": "2024-01-01",
        "end": "2024-03-31"
    },
    "dimensions": ["product"],
    "filters": {},
    "sort": {}
}
</o>

Query: "What were our top 5 categories by revenue last month with sales over $1000?"
<o>
{
    "metrics": ["revenue"],
    "time_range": {
        "start": "2024-02-01",
        "end": "2024-02-29"
    },
    "dimensions": ["category"],
    "filters": {
        "revenue": ">=1000"
    },
    "sort": {
        "revenue": "desc"
    },
    "limit": 5
}
</o>

Now parse the given query and return ONLY your JSON response between <o></o> tags:</assistant>

<user>Return your response now, following the format exactly. Remember to wrap your response in <o></o> tags:</user>
========================================================================================================================
 (analysis_agent.py:26)
2025-01-28 02:40:01 [   DEBUG] Sending prompt to LLM... (analysis_agent.py:109)
2025-01-28 02:40:01 [   DEBUG] connect_tcp.started host='127.0.0.1' port=11434 local_address=None timeout=None socket_options=None (_trace.py:45)
2025-01-28 02:40:01 [   DEBUG] connect_tcp.complete return_value=<httpcore._backends.sync.SyncStream object at 0x137d6f290> (_trace.py:45)
2025-01-28 02:40:01 [   DEBUG] send_request_headers.started request=<Request [b'POST']> (_trace.py:45)
2025-01-28 02:40:01 [   DEBUG] send_request_headers.complete (_trace.py:45)
2025-01-28 02:40:01 [   DEBUG] send_request_body.started request=<Request [b'POST']> (_trace.py:45)
2025-01-28 02:40:01 [   DEBUG] send_request_body.complete (_trace.py:45)
2025-01-28 02:40:01 [   DEBUG] receive_response_headers.started request=<Request [b'POST']> (_trace.py:45)
2025-01-28 02:40:06 [   DEBUG] receive_response_headers.complete return_value=(b'HTTP/1.1', 200, b'OK', [(b'Content-Type', b'application/x-ndjson'), (b'Date', b'Tue, 28 Jan 2025 10:40:06 GMT'), (b'Transfer-Encoding', b'chunked')]) (_trace.py:45)
2025-01-28 02:40:06 [    INFO] HTTP Request: POST http://127.0.0.1:11434/api/generate "HTTP/1.1 200 OK" (_client.py:1026)
2025-01-28 02:40:06 [   DEBUG] receive_response_body.started request=<Request [b'POST']> (_trace.py:45)
2025-01-28 02:40:08 [   DEBUG] receive_response_body.complete (_trace.py:45)
2025-01-28 02:40:08 [   DEBUG] response_closed.started (_trace.py:45)
2025-01-28 02:40:08 [   DEBUG] response_closed.complete (_trace.py:45)
2025-01-28 02:40:08 [   DEBUG] 
========================================================================================================================
RAW MODEL RESPONSE:
========================================================================================================================
{
    "metrics": ["total_revenue"],
    "dimensions": ["product"]
}

========================================================================================================================
 (analysis_agent.py:26)
2025-01-28 02:40:08 [   DEBUG] 
========================================================================================================================
EXTRACTING JSON FROM RESPONSE:
========================================================================================================================
{
    "metrics": ["total_revenue"],
    "dimensions": ["product"]
}

========================================================================================================================
 (analysis_agent.py:26)
2025-01-28 02:40:08 [   ERROR] No <o> tags found in response (analysis_agent.py:140)
2025-01-28 02:40:08 [   DEBUG] 
========================================================================================================================
PROCESSED RESPONSE (NO TAGS FOUND):
========================================================================================================================
{
    "metrics": ["total_revenue"],
    "dimensions": ["product"]
}

========================================================================================================================
 (analysis_agent.py:26)
FAILED
------------------------------ live log teardown -------------------------------
2025-01-28 02:40:08 [    INFO] 
========================================================================================================================
 (test_agents.py:31)
2025-01-28 02:40:08 [    INFO] Finished test: test_parse_user_query (test_agents.py:41)
2025-01-28 02:40:08 [    INFO] 
========================================================================================================================
 (test_agents.py:31)

tests/test_agents.py::test_generate_sql 
-------------------------------- live log setup --------------------------------
2025-01-28 02:40:08 [    INFO] 
========================================================================================================================
 (test_agents.py:31)
2025-01-28 02:40:08 [    INFO] Starting test: test_generate_sql (test_agents.py:37)
2025-01-28 02:40:08 [    INFO] 
========================================================================================================================
 (test_agents.py:31)
2025-01-28 02:40:08 [    INFO] Setting up mock database (test_agents.py:67)
2025-01-28 02:40:08 [   DEBUG] Mock database schema configured (test_agents.py:74)
2025-01-28 02:40:08 [    INFO] Initializing OllamaLLM for testing (test_agents.py:47)
2025-01-28 02:40:08 [   DEBUG] load_ssl_context verify=True cert=None trust_env=True http2=False (_config.py:80)
2025-01-28 02:40:08 [   DEBUG] load_verify_locations cafile='/opt/anaconda3/lib/python3.12/site-packages/certifi/cacert.pem' (_config.py:146)
2025-01-28 02:40:08 [   DEBUG] load_ssl_context verify=True cert=None trust_env=True http2=False (_config.py:80)
2025-01-28 02:40:08 [   DEBUG] load_verify_locations cafile='/opt/anaconda3/lib/python3.12/site-packages/certifi/cacert.pem' (_config.py:146)
2025-01-28 02:40:08 [    INFO] Initializing AnalysisAgent (analysis_agent.py:34)
2025-01-28 02:40:08 [    INFO] Successfully initialized all components (analysis_agent.py:98)
-------------------------------- live log call ---------------------------------
2025-01-28 02:40:08 [    INFO] Testing SQL generation (test_agents.py:94)
2025-01-28 02:40:08 [   DEBUG] Input parameters: {'metrics': ['revenue'], 'dimensions': ['product'], 'time_range': {'start': '2024-01-01', 'end': '2024-01-31'}, 'filters': {}, 'sort': {}} (test_agents.py:102)
2025-01-28 02:40:08 [    INFO] Generating SQL for table test_table with params: {
  "metrics": [
    "revenue"
  ],
  "dimensions": [
    "product"
  ],
  "time_range": {
    "start": "2024-01-01",
    "end": "2024-01-31"
  },
  "filters": {},
  "sort": {}
} (analysis_agent.py:150)
2025-01-28 02:40:08 [   DEBUG] Retrieved schema: [
  {
    "column_name": "date",
    "data_type": "timestamp"
  },
  {
    "column_name": "product",
    "data_type": "varchar"
  },
  {
    "column_name": "revenue",
    "data_type": "numeric"
  }
] (analysis_agent.py:154)
2025-01-28 02:40:08 [   DEBUG] 
========================================================================================================================
SQL PROMPT TO MODEL:
========================================================================================================================
Generate a PostgreSQL SELECT query based on the following parameters:

Query Parameters: {
  "metrics": [
    "revenue"
  ],
  "dimensions": [
    "product"
  ],
  "time_range": {
    "start": "2024-01-01",
    "end": "2024-01-31"
  },
  "filters": {},
  "sort": {}
}
Table Schema: [
  {
    "column_name": "date",
    "data_type": "timestamp"
  },
  {
    "column_name": "product",
    "data_type": "varchar"
  },
  {
    "column_name": "revenue",
    "data_type": "numeric"
  }
]

Requirements:
1. Start with SELECT and specify exact columns needed
2. Include appropriate aggregations (SUM, AVG, etc.) for metrics
3. Add GROUP BY for any dimensions
4. Include WHERE clause for time range and filters
5. Add ORDER BY for sorting

Your response MUST be wrapped in <sql></sql> tags.
Return ONLY the SQL query within the tags, no other text.

Example:
<sql>
SELECT 
    product,
    category,
    SUM(revenue) as total_revenue,
    COUNT(*) as count
FROM sales
WHERE date BETWEEN '2024-01-01' AND '2024-03-31'
GROUP BY product, category
ORDER BY total_revenue DESC;
</sql>

Return ONLY your SQL query between <sql></sql> tags with no other text:
========================================================================================================================
 (analysis_agent.py:26)
2025-01-28 02:40:08 [   DEBUG] Sending prompt to LLM... (analysis_agent.py:166)
2025-01-28 02:40:08 [   DEBUG] connect_tcp.started host='127.0.0.1' port=11434 local_address=None timeout=None socket_options=None (_trace.py:45)
2025-01-28 02:40:08 [   DEBUG] connect_tcp.complete return_value=<httpcore._backends.sync.SyncStream object at 0x16e9017f0> (_trace.py:45)
2025-01-28 02:40:08 [   DEBUG] send_request_headers.started request=<Request [b'POST']> (_trace.py:45)
2025-01-28 02:40:08 [   DEBUG] send_request_headers.complete (_trace.py:45)
2025-01-28 02:40:08 [   DEBUG] send_request_body.started request=<Request [b'POST']> (_trace.py:45)
2025-01-28 02:40:08 [   DEBUG] send_request_body.complete (_trace.py:45)
2025-01-28 02:40:08 [   DEBUG] receive_response_headers.started request=<Request [b'POST']> (_trace.py:45)
2025-01-28 02:40:08 [   DEBUG] receive_response_headers.complete return_value=(b'HTTP/1.1', 200, b'OK', [(b'Content-Type', b'application/x-ndjson'), (b'Date', b'Tue, 28 Jan 2025 10:40:08 GMT'), (b'Transfer-Encoding', b'chunked')]) (_trace.py:45)
2025-01-28 02:40:08 [    INFO] HTTP Request: POST http://127.0.0.1:11434/api/generate "HTTP/1.1 200 OK" (_client.py:1026)
2025-01-28 02:40:08 [   DEBUG] receive_response_body.started request=<Request [b'POST']> (_trace.py:45)
2025-01-28 02:40:08 [   DEBUG] receive_response_body.complete (_trace.py:45)
2025-01-28 02:40:08 [   DEBUG] response_closed.started (_trace.py:45)
2025-01-28 02:40:08 [   DEBUG] response_closed.complete (_trace.py:45)
2025-01-28 02:40:08 [   DEBUG] 
========================================================================================================================
RAW SQL MODEL RESPONSE:
========================================================================================================================
{}

========================================================================================================================
 (analysis_agent.py:26)
2025-01-28 02:40:08 [   DEBUG] 
========================================================================================================================
EXTRACTING SQL FROM RESPONSE:
========================================================================================================================
{}

========================================================================================================================
 (analysis_agent.py:26)
2025-01-28 02:40:08 [   ERROR] No <sql> tags found in response (analysis_agent.py:194)
2025-01-28 02:40:08 [   DEBUG] 
========================================================================================================================
PROCESSED RESPONSE (NO TAGS FOUND):
========================================================================================================================
{}

========================================================================================================================
 (analysis_agent.py:26)
FAILED
------------------------------ live log teardown -------------------------------
2025-01-28 02:40:08 [    INFO] 
========================================================================================================================
 (test_agents.py:31)
2025-01-28 02:40:08 [    INFO] Finished test: test_generate_sql (test_agents.py:41)
2025-01-28 02:40:08 [    INFO] 
========================================================================================================================
 (test_agents.py:31)

tests/test_agents.py::test_execute_analysis 
-------------------------------- live log setup --------------------------------
2025-01-28 02:40:08 [    INFO] 
========================================================================================================================
 (test_agents.py:31)
2025-01-28 02:40:08 [    INFO] Starting test: test_execute_analysis (test_agents.py:37)
2025-01-28 02:40:08 [    INFO] 
========================================================================================================================
 (test_agents.py:31)
2025-01-28 02:40:08 [    INFO] Setting up mock database (test_agents.py:67)
2025-01-28 02:40:08 [   DEBUG] Mock database schema configured (test_agents.py:74)
2025-01-28 02:40:08 [    INFO] Initializing OllamaLLM for testing (test_agents.py:47)
2025-01-28 02:40:08 [   DEBUG] load_ssl_context verify=True cert=None trust_env=True http2=False (_config.py:80)
2025-01-28 02:40:08 [   DEBUG] load_verify_locations cafile='/opt/anaconda3/lib/python3.12/site-packages/certifi/cacert.pem' (_config.py:146)
2025-01-28 02:40:08 [   DEBUG] load_ssl_context verify=True cert=None trust_env=True http2=False (_config.py:80)
2025-01-28 02:40:08 [   DEBUG] load_verify_locations cafile='/opt/anaconda3/lib/python3.12/site-packages/certifi/cacert.pem' (_config.py:146)
2025-01-28 02:40:08 [    INFO] Initializing AnalysisAgent (analysis_agent.py:34)
2025-01-28 02:40:08 [    INFO] Successfully initialized all components (analysis_agent.py:98)
-------------------------------- live log call ---------------------------------
2025-01-28 02:40:08 [    INFO] Starting analysis for query: What was the total revenue? on table: test_table (analysis_agent.py:213)
2025-01-28 02:40:08 [   DEBUG] Step 1: Parsing user query (analysis_agent.py:217)
2025-01-28 02:40:08 [    INFO] Parsing user query: What was the total revenue? (analysis_agent.py:102)
2025-01-28 02:40:08 [   DEBUG] 
========================================================================================================================
PROMPT TO MODEL:
========================================================================================================================
<system>You are a query parser that converts natural language queries into structured JSON format.

CRITICAL: Your response MUST follow this EXACT format:
<o>
{
    "metrics": [...],
    "dimensions": [...],
    "time_range": {...},
    "filters": {...},
    "sort": {...}
}
</o>

Rules:
1. The <o> and </o> tags are MANDATORY - responses without these tags will cause ERRORS
2. Between these tags, output ONLY valid JSON
3. No other text, explanations, or formatting is allowed
4. All JSON must use double quotes for keys and string values
5. All field names must be lowercase
6. Dates must use ISO format YYYY-MM-DD
7. Arrays must use square brackets []
8. Objects must use curly braces {}
9. Empty fields must use appropriate empty structures ([] for arrays, {} for objects)
</system>

<user>Parse this query into a structured JSON format: "What was the total revenue?"

Remember: Your response MUST start with <o> and end with </o></user>

<assistant>Here are some examples of correctly formatted responses:

Query: "Show me revenue and units by product for Q1 2024"
<o>
{
    "metrics": ["revenue", "units"],
    "time_range": {
        "start": "2024-01-01",
        "end": "2024-03-31"
    },
    "dimensions": ["product"],
    "filters": {},
    "sort": {}
}
</o>

Query: "What were our top 5 categories by revenue last month with sales over $1000?"
<o>
{
    "metrics": ["revenue"],
    "time_range": {
        "start": "2024-02-01",
        "end": "2024-02-29"
    },
    "dimensions": ["category"],
    "filters": {
        "revenue": ">=1000"
    },
    "sort": {
        "revenue": "desc"
    },
    "limit": 5
}
</o>

Now parse the given query and return ONLY your JSON response between <o></o> tags:</assistant>

<user>Return your response now, following the format exactly. Remember to wrap your response in <o></o> tags:</user>
========================================================================================================================
 (analysis_agent.py:26)
2025-01-28 02:40:08 [   DEBUG] Sending prompt to LLM... (analysis_agent.py:109)
2025-01-28 02:40:08 [   DEBUG] connect_tcp.started host='127.0.0.1' port=11434 local_address=None timeout=None socket_options=None (_trace.py:45)
2025-01-28 02:40:08 [   DEBUG] connect_tcp.complete return_value=<httpcore._backends.sync.SyncStream object at 0x16e901b80> (_trace.py:45)
2025-01-28 02:40:08 [   DEBUG] send_request_headers.started request=<Request [b'POST']> (_trace.py:45)
2025-01-28 02:40:08 [   DEBUG] send_request_headers.complete (_trace.py:45)
2025-01-28 02:40:08 [   DEBUG] send_request_body.started request=<Request [b'POST']> (_trace.py:45)
2025-01-28 02:40:08 [   DEBUG] send_request_body.complete (_trace.py:45)
2025-01-28 02:40:08 [   DEBUG] receive_response_headers.started request=<Request [b'POST']> (_trace.py:45)
2025-01-28 02:40:12 [   DEBUG] receive_response_headers.complete return_value=(b'HTTP/1.1', 200, b'OK', [(b'Content-Type', b'application/x-ndjson'), (b'Date', b'Tue, 28 Jan 2025 10:40:12 GMT'), (b'Transfer-Encoding', b'chunked')]) (_trace.py:45)
2025-01-28 02:40:12 [    INFO] HTTP Request: POST http://127.0.0.1:11434/api/generate "HTTP/1.1 200 OK" (_client.py:1026)
2025-01-28 02:40:12 [   DEBUG] receive_response_body.started request=<Request [b'POST']> (_trace.py:45)
2025-01-28 02:40:19 [   DEBUG] receive_response_body.complete (_trace.py:45)
2025-01-28 02:40:19 [   DEBUG] response_closed.started (_trace.py:45)
2025-01-28 02:40:19 [   DEBUG] response_closed.complete (_trace.py:45)
2025-01-28 02:40:19 [   DEBUG] 
========================================================================================================================
RAW MODEL RESPONSE:
========================================================================================================================
{
    "metrics": ["total_revenue"],
    "dimensions": [],
    "time_range": {},
    "filters": {},
    "sort": {}
}

  
  										
 									

 	



 	





 

 
 	




 

 

 

 

 

 

 

 

 

 

 

 

 


========================================================================================================================
 (analysis_agent.py:26)
2025-01-28 02:40:19 [   DEBUG] 
========================================================================================================================
EXTRACTING JSON FROM RESPONSE:
========================================================================================================================
{
    "metrics": ["total_revenue"],
    "dimensions": [],
    "time_range": {},
    "filters": {},
    "sort": {}
}

  
  										
 									

 	



 	





 

 
 	




 

 

 

 

 

 

 

 

 

 

 

 

 


========================================================================================================================
 (analysis_agent.py:26)
2025-01-28 02:40:19 [   ERROR] No <o> tags found in response (analysis_agent.py:140)
2025-01-28 02:40:19 [   DEBUG] 
========================================================================================================================
PROCESSED RESPONSE (NO TAGS FOUND):
========================================================================================================================
{
    "metrics": ["total_revenue"],
    "dimensions": [],
    "time_range": {},
    "filters": {},
    "sort": {}
}

  
  										
 									

 	



 	





 

 
 	




 

 

 

 

 

 

 

 

 

 

 

 

 


========================================================================================================================
 (analysis_agent.py:26)
2025-01-28 02:40:19 [   ERROR] Analysis execution failed: No <o> tags found in response (analysis_agent.py:235)
FAILED
------------------------------ live log teardown -------------------------------
2025-01-28 02:40:19 [    INFO] 
========================================================================================================================
 (test_agents.py:31)
2025-01-28 02:40:19 [    INFO] Finished test: test_execute_analysis (test_agents.py:41)
2025-01-28 02:40:19 [    INFO] 
========================================================================================================================
 (test_agents.py:31)

tests/test_agents.py::test_validate_results 
-------------------------------- live log setup --------------------------------
2025-01-28 02:40:19 [    INFO] 
========================================================================================================================
 (test_agents.py:31)
2025-01-28 02:40:19 [    INFO] Starting test: test_validate_results (test_agents.py:37)
2025-01-28 02:40:19 [    INFO] 
========================================================================================================================
 (test_agents.py:31)
2025-01-28 02:40:19 [    INFO] Setting up mock database (test_agents.py:67)
2025-01-28 02:40:19 [   DEBUG] Mock database schema configured (test_agents.py:74)
2025-01-28 02:40:19 [    INFO] Initializing OllamaLLM for testing (test_agents.py:47)
2025-01-28 02:40:19 [   DEBUG] load_ssl_context verify=True cert=None trust_env=True http2=False (_config.py:80)
2025-01-28 02:40:19 [   DEBUG] load_verify_locations cafile='/opt/anaconda3/lib/python3.12/site-packages/certifi/cacert.pem' (_config.py:146)
2025-01-28 02:40:19 [   DEBUG] load_ssl_context verify=True cert=None trust_env=True http2=False (_config.py:80)
2025-01-28 02:40:19 [   DEBUG] load_verify_locations cafile='/opt/anaconda3/lib/python3.12/site-packages/certifi/cacert.pem' (_config.py:146)
2025-01-28 02:40:19 [    INFO] Initializing AnalysisAgent (analysis_agent.py:34)
2025-01-28 02:40:19 [    INFO] Successfully initialized all components (analysis_agent.py:98)
-------------------------------- live log call ---------------------------------
2025-01-28 02:40:19 [    INFO] Validating analysis results (analysis_agent.py:289)
2025-01-28 02:40:19 [    INFO] Validation passed: No issues detected (analysis_agent.py:322)
PASSED
------------------------------ live log teardown -------------------------------
2025-01-28 02:40:19 [    INFO] 
========================================================================================================================
 (test_agents.py:31)
2025-01-28 02:40:19 [    INFO] Finished test: test_validate_results (test_agents.py:41)
2025-01-28 02:40:19 [    INFO] 
========================================================================================================================
 (test_agents.py:31)

tests/test_agents.py::test_data_validation 
-------------------------------- live log setup --------------------------------
2025-01-28 02:40:19 [    INFO] 
========================================================================================================================
 (test_agents.py:31)
2025-01-28 02:40:19 [    INFO] Starting test: test_data_validation (test_agents.py:37)
2025-01-28 02:40:19 [    INFO] 
========================================================================================================================
 (test_agents.py:31)
2025-01-28 02:40:19 [    INFO] Setting up mock database (test_agents.py:67)
2025-01-28 02:40:19 [   DEBUG] Mock database schema configured (test_agents.py:74)
2025-01-28 02:40:19 [    INFO] Initializing OllamaLLM for testing (test_agents.py:47)
2025-01-28 02:40:19 [   DEBUG] load_ssl_context verify=True cert=None trust_env=True http2=False (_config.py:80)
2025-01-28 02:40:19 [   DEBUG] load_verify_locations cafile='/opt/anaconda3/lib/python3.12/site-packages/certifi/cacert.pem' (_config.py:146)
2025-01-28 02:40:19 [   DEBUG] load_ssl_context verify=True cert=None trust_env=True http2=False (_config.py:80)
2025-01-28 02:40:19 [   DEBUG] load_verify_locations cafile='/opt/anaconda3/lib/python3.12/site-packages/certifi/cacert.pem' (_config.py:146)
2025-01-28 02:40:19 [    INFO] Initializing AnalysisAgent (analysis_agent.py:34)
2025-01-28 02:40:19 [    INFO] Successfully initialized all components (analysis_agent.py:98)
-------------------------------- live log call ---------------------------------
2025-01-28 02:40:19 [    INFO] Validating analysis results (analysis_agent.py:289)
2025-01-28 02:40:19 [    INFO] Validation passed: No issues detected (analysis_agent.py:322)
PASSED
------------------------------ live log teardown -------------------------------
2025-01-28 02:40:19 [    INFO] 
========================================================================================================================
 (test_agents.py:31)
2025-01-28 02:40:19 [    INFO] Finished test: test_data_validation (test_agents.py:41)
2025-01-28 02:40:19 [    INFO] 
========================================================================================================================
 (test_agents.py:31)

tests/test_agents.py::test_query_understanding[What was the total revenue?-expected_metrics0] 
-------------------------------- live log setup --------------------------------
2025-01-28 02:40:19 [    INFO] 
========================================================================================================================
 (test_agents.py:31)
2025-01-28 02:40:19 [    INFO] Starting test: test_query_understanding[What was the total revenue?-expected_metrics0] (test_agents.py:37)
2025-01-28 02:40:19 [    INFO] 
========================================================================================================================
 (test_agents.py:31)
2025-01-28 02:40:19 [    INFO] Setting up mock database (test_agents.py:67)
2025-01-28 02:40:19 [   DEBUG] Mock database schema configured (test_agents.py:74)
2025-01-28 02:40:19 [    INFO] Initializing OllamaLLM for testing (test_agents.py:47)
2025-01-28 02:40:19 [   DEBUG] load_ssl_context verify=True cert=None trust_env=True http2=False (_config.py:80)
2025-01-28 02:40:19 [   DEBUG] load_verify_locations cafile='/opt/anaconda3/lib/python3.12/site-packages/certifi/cacert.pem' (_config.py:146)
2025-01-28 02:40:19 [   DEBUG] load_ssl_context verify=True cert=None trust_env=True http2=False (_config.py:80)
2025-01-28 02:40:19 [   DEBUG] load_verify_locations cafile='/opt/anaconda3/lib/python3.12/site-packages/certifi/cacert.pem' (_config.py:146)
2025-01-28 02:40:19 [    INFO] Initializing AnalysisAgent (analysis_agent.py:34)
2025-01-28 02:40:19 [    INFO] Successfully initialized all components (analysis_agent.py:98)
-------------------------------- live log call ---------------------------------
2025-01-28 02:40:19 [    INFO] Parsing user query: What was the total revenue? (analysis_agent.py:102)
2025-01-28 02:40:19 [   DEBUG] 
========================================================================================================================
PROMPT TO MODEL:
========================================================================================================================
<system>You are a query parser that converts natural language queries into structured JSON format.

CRITICAL: Your response MUST follow this EXACT format:
<o>
{
    "metrics": [...],
    "dimensions": [...],
    "time_range": {...},
    "filters": {...},
    "sort": {...}
}
</o>

Rules:
1. The <o> and </o> tags are MANDATORY - responses without these tags will cause ERRORS
2. Between these tags, output ONLY valid JSON
3. No other text, explanations, or formatting is allowed
4. All JSON must use double quotes for keys and string values
5. All field names must be lowercase
6. Dates must use ISO format YYYY-MM-DD
7. Arrays must use square brackets []
8. Objects must use curly braces {}
9. Empty fields must use appropriate empty structures ([] for arrays, {} for objects)
</system>

<user>Parse this query into a structured JSON format: "What was the total revenue?"

Remember: Your response MUST start with <o> and end with </o></user>

<assistant>Here are some examples of correctly formatted responses:

Query: "Show me revenue and units by product for Q1 2024"
<o>
{
    "metrics": ["revenue", "units"],
    "time_range": {
        "start": "2024-01-01",
        "end": "2024-03-31"
    },
    "dimensions": ["product"],
    "filters": {},
    "sort": {}
}
</o>

Query: "What were our top 5 categories by revenue last month with sales over $1000?"
<o>
{
    "metrics": ["revenue"],
    "time_range": {
        "start": "2024-02-01",
        "end": "2024-02-29"
    },
    "dimensions": ["category"],
    "filters": {
        "revenue": ">=1000"
    },
    "sort": {
        "revenue": "desc"
    },
    "limit": 5
}
</o>

Now parse the given query and return ONLY your JSON response between <o></o> tags:</assistant>

<user>Return your response now, following the format exactly. Remember to wrap your response in <o></o> tags:</user>
========================================================================================================================
 (analysis_agent.py:26)
2025-01-28 02:40:19 [   DEBUG] Sending prompt to LLM... (analysis_agent.py:109)
2025-01-28 02:40:19 [   DEBUG] connect_tcp.started host='127.0.0.1' port=11434 local_address=None timeout=None socket_options=None (_trace.py:45)
2025-01-28 02:40:19 [   DEBUG] connect_tcp.complete return_value=<httpcore._backends.sync.SyncStream object at 0x16e902900> (_trace.py:45)
2025-01-28 02:40:19 [   DEBUG] send_request_headers.started request=<Request [b'POST']> (_trace.py:45)
2025-01-28 02:40:19 [   DEBUG] send_request_headers.complete (_trace.py:45)
2025-01-28 02:40:19 [   DEBUG] send_request_body.started request=<Request [b'POST']> (_trace.py:45)
2025-01-28 02:40:19 [   DEBUG] send_request_body.complete (_trace.py:45)
2025-01-28 02:40:19 [   DEBUG] receive_response_headers.started request=<Request [b'POST']> (_trace.py:45)
2025-01-28 02:40:19 [   DEBUG] receive_response_headers.complete return_value=(b'HTTP/1.1', 200, b'OK', [(b'Content-Type', b'application/x-ndjson'), (b'Date', b'Tue, 28 Jan 2025 10:40:19 GMT'), (b'Transfer-Encoding', b'chunked')]) (_trace.py:45)
2025-01-28 02:40:19 [    INFO] HTTP Request: POST http://127.0.0.1:11434/api/generate "HTTP/1.1 200 OK" (_client.py:1026)
2025-01-28 02:40:19 [   DEBUG] receive_response_body.started request=<Request [b'POST']> (_trace.py:45)
2025-01-28 02:40:27 [   DEBUG] receive_response_body.complete (_trace.py:45)
2025-01-28 02:40:27 [   DEBUG] response_closed.started (_trace.py:45)
2025-01-28 02:40:27 [   DEBUG] response_closed.complete (_trace.py:45)
2025-01-28 02:40:27 [   DEBUG] 
========================================================================================================================
RAW MODEL RESPONSE:
========================================================================================================================
{
    "metrics": ["total_revenue"],
    "dimensions": [],
    "time_range": {},
    "filters": {},
    "sort": {}
}

  
  										
 									

 	



 	





 

 
 	




 

 

 

 

 

 

 

 

 

 

 

 

 


========================================================================================================================
 (analysis_agent.py:26)
2025-01-28 02:40:27 [   DEBUG] 
========================================================================================================================
EXTRACTING JSON FROM RESPONSE:
========================================================================================================================
{
    "metrics": ["total_revenue"],
    "dimensions": [],
    "time_range": {},
    "filters": {},
    "sort": {}
}

  
  										
 									

 	



 	





 

 
 	




 

 

 

 

 

 

 

 

 

 

 

 

 


========================================================================================================================
 (analysis_agent.py:26)
2025-01-28 02:40:27 [   ERROR] No <o> tags found in response (analysis_agent.py:140)
2025-01-28 02:40:27 [   DEBUG] 
========================================================================================================================
PROCESSED RESPONSE (NO TAGS FOUND):
========================================================================================================================
{
    "metrics": ["total_revenue"],
    "dimensions": [],
    "time_range": {},
    "filters": {},
    "sort": {}
}

  
  										
 									

 	



 	





 

 
 	




 

 

 

 

 

 

 

 

 

 

 

 

 


========================================================================================================================
 (analysis_agent.py:26)
FAILED
------------------------------ live log teardown -------------------------------
2025-01-28 02:40:27 [    INFO] 
========================================================================================================================
 (test_agents.py:31)
2025-01-28 02:40:27 [    INFO] Finished test: test_query_understanding[What was the total revenue?-expected_metrics0] (test_agents.py:41)
2025-01-28 02:40:27 [    INFO] 
========================================================================================================================
 (test_agents.py:31)

tests/test_agents.py::test_query_understanding[How many units were sold by product?-expected_metrics1] 
-------------------------------- live log setup --------------------------------
2025-01-28 02:40:27 [    INFO] 
========================================================================================================================
 (test_agents.py:31)
2025-01-28 02:40:27 [    INFO] Starting test: test_query_understanding[How many units were sold by product?-expected_metrics1] (test_agents.py:37)
2025-01-28 02:40:27 [    INFO] 
========================================================================================================================
 (test_agents.py:31)
2025-01-28 02:40:27 [    INFO] Setting up mock database (test_agents.py:67)
2025-01-28 02:40:27 [   DEBUG] Mock database schema configured (test_agents.py:74)
2025-01-28 02:40:27 [    INFO] Initializing OllamaLLM for testing (test_agents.py:47)
2025-01-28 02:40:27 [   DEBUG] load_ssl_context verify=True cert=None trust_env=True http2=False (_config.py:80)
2025-01-28 02:40:27 [   DEBUG] load_verify_locations cafile='/opt/anaconda3/lib/python3.12/site-packages/certifi/cacert.pem' (_config.py:146)
2025-01-28 02:40:27 [   DEBUG] load_ssl_context verify=True cert=None trust_env=True http2=False (_config.py:80)
2025-01-28 02:40:27 [   DEBUG] load_verify_locations cafile='/opt/anaconda3/lib/python3.12/site-packages/certifi/cacert.pem' (_config.py:146)
2025-01-28 02:40:27 [    INFO] Initializing AnalysisAgent (analysis_agent.py:34)
2025-01-28 02:40:27 [    INFO] Successfully initialized all components (analysis_agent.py:98)
-------------------------------- live log call ---------------------------------
2025-01-28 02:40:27 [    INFO] Parsing user query: How many units were sold by product? (analysis_agent.py:102)
2025-01-28 02:40:27 [   DEBUG] 
========================================================================================================================
PROMPT TO MODEL:
========================================================================================================================
<system>You are a query parser that converts natural language queries into structured JSON format.

CRITICAL: Your response MUST follow this EXACT format:
<o>
{
    "metrics": [...],
    "dimensions": [...],
    "time_range": {...},
    "filters": {...},
    "sort": {...}
}
</o>

Rules:
1. The <o> and </o> tags are MANDATORY - responses without these tags will cause ERRORS
2. Between these tags, output ONLY valid JSON
3. No other text, explanations, or formatting is allowed
4. All JSON must use double quotes for keys and string values
5. All field names must be lowercase
6. Dates must use ISO format YYYY-MM-DD
7. Arrays must use square brackets []
8. Objects must use curly braces {}
9. Empty fields must use appropriate empty structures ([] for arrays, {} for objects)
</system>

<user>Parse this query into a structured JSON format: "How many units were sold by product?"

Remember: Your response MUST start with <o> and end with </o></user>

<assistant>Here are some examples of correctly formatted responses:

Query: "Show me revenue and units by product for Q1 2024"
<o>
{
    "metrics": ["revenue", "units"],
    "time_range": {
        "start": "2024-01-01",
        "end": "2024-03-31"
    },
    "dimensions": ["product"],
    "filters": {},
    "sort": {}
}
</o>

Query: "What were our top 5 categories by revenue last month with sales over $1000?"
<o>
{
    "metrics": ["revenue"],
    "time_range": {
        "start": "2024-02-01",
        "end": "2024-02-29"
    },
    "dimensions": ["category"],
    "filters": {
        "revenue": ">=1000"
    },
    "sort": {
        "revenue": "desc"
    },
    "limit": 5
}
</o>

Now parse the given query and return ONLY your JSON response between <o></o> tags:</assistant>

<user>Return your response now, following the format exactly. Remember to wrap your response in <o></o> tags:</user>
========================================================================================================================
 (analysis_agent.py:26)
2025-01-28 02:40:27 [   DEBUG] Sending prompt to LLM... (analysis_agent.py:109)
2025-01-28 02:40:27 [   DEBUG] connect_tcp.started host='127.0.0.1' port=11434 local_address=None timeout=None socket_options=None (_trace.py:45)
2025-01-28 02:40:27 [   DEBUG] connect_tcp.complete return_value=<httpcore._backends.sync.SyncStream object at 0x16e998440> (_trace.py:45)
2025-01-28 02:40:27 [   DEBUG] send_request_headers.started request=<Request [b'POST']> (_trace.py:45)
2025-01-28 02:40:27 [   DEBUG] send_request_headers.complete (_trace.py:45)
2025-01-28 02:40:27 [   DEBUG] send_request_body.started request=<Request [b'POST']> (_trace.py:45)
2025-01-28 02:40:27 [   DEBUG] send_request_body.complete (_trace.py:45)
2025-01-28 02:40:27 [   DEBUG] receive_response_headers.started request=<Request [b'POST']> (_trace.py:45)
2025-01-28 02:40:30 [   DEBUG] receive_response_headers.complete return_value=(b'HTTP/1.1', 200, b'OK', [(b'Content-Type', b'application/x-ndjson'), (b'Date', b'Tue, 28 Jan 2025 10:40:30 GMT'), (b'Transfer-Encoding', b'chunked')]) (_trace.py:45)
2025-01-28 02:40:30 [    INFO] HTTP Request: POST http://127.0.0.1:11434/api/generate "HTTP/1.1 200 OK" (_client.py:1026)
2025-01-28 02:40:30 [   DEBUG] receive_response_body.started request=<Request [b'POST']> (_trace.py:45)
2025-01-28 02:40:32 [   DEBUG] receive_response_body.complete (_trace.py:45)
2025-01-28 02:40:32 [   DEBUG] response_closed.started (_trace.py:45)
2025-01-28 02:40:32 [   DEBUG] response_closed.complete (_trace.py:45)
2025-01-28 02:40:32 [   DEBUG] 
========================================================================================================================
RAW MODEL RESPONSE:
========================================================================================================================
{
    "metrics": ["units"],
    "dimensions": ["product"]
}

========================================================================================================================
 (analysis_agent.py:26)
2025-01-28 02:40:32 [   DEBUG] 
========================================================================================================================
EXTRACTING JSON FROM RESPONSE:
========================================================================================================================
{
    "metrics": ["units"],
    "dimensions": ["product"]
}

========================================================================================================================
 (analysis_agent.py:26)
2025-01-28 02:40:32 [   ERROR] No <o> tags found in response (analysis_agent.py:140)
2025-01-28 02:40:32 [   DEBUG] 
========================================================================================================================
PROCESSED RESPONSE (NO TAGS FOUND):
========================================================================================================================
{
    "metrics": ["units"],
    "dimensions": ["product"]
}

========================================================================================================================
 (analysis_agent.py:26)
FAILED
------------------------------ live log teardown -------------------------------
2025-01-28 02:40:32 [    INFO] 
========================================================================================================================
 (test_agents.py:31)
2025-01-28 02:40:32 [    INFO] Finished test: test_query_understanding[How many units were sold by product?-expected_metrics1] (test_agents.py:41)
2025-01-28 02:40:32 [    INFO] 
========================================================================================================================
 (test_agents.py:31)

tests/test_agents.py::test_query_understanding[What's the average price by category?-expected_metrics2] 
-------------------------------- live log setup --------------------------------
2025-01-28 02:40:32 [    INFO] 
========================================================================================================================
 (test_agents.py:31)
2025-01-28 02:40:32 [    INFO] Starting test: test_query_understanding[What's the average price by category?-expected_metrics2] (test_agents.py:37)
2025-01-28 02:40:32 [    INFO] 
========================================================================================================================
 (test_agents.py:31)
2025-01-28 02:40:32 [    INFO] Setting up mock database (test_agents.py:67)
2025-01-28 02:40:32 [   DEBUG] Mock database schema configured (test_agents.py:74)
2025-01-28 02:40:32 [    INFO] Initializing OllamaLLM for testing (test_agents.py:47)
2025-01-28 02:40:32 [   DEBUG] load_ssl_context verify=True cert=None trust_env=True http2=False (_config.py:80)
2025-01-28 02:40:32 [   DEBUG] load_verify_locations cafile='/opt/anaconda3/lib/python3.12/site-packages/certifi/cacert.pem' (_config.py:146)
2025-01-28 02:40:32 [   DEBUG] load_ssl_context verify=True cert=None trust_env=True http2=False (_config.py:80)
2025-01-28 02:40:32 [   DEBUG] load_verify_locations cafile='/opt/anaconda3/lib/python3.12/site-packages/certifi/cacert.pem' (_config.py:146)
2025-01-28 02:40:32 [    INFO] Initializing AnalysisAgent (analysis_agent.py:34)
2025-01-28 02:40:32 [    INFO] Successfully initialized all components (analysis_agent.py:98)
-------------------------------- live log call ---------------------------------
2025-01-28 02:40:32 [    INFO] Parsing user query: What's the average price by category? (analysis_agent.py:102)
2025-01-28 02:40:32 [   DEBUG] 
========================================================================================================================
PROMPT TO MODEL:
========================================================================================================================
<system>You are a query parser that converts natural language queries into structured JSON format.

CRITICAL: Your response MUST follow this EXACT format:
<o>
{
    "metrics": [...],
    "dimensions": [...],
    "time_range": {...},
    "filters": {...},
    "sort": {...}
}
</o>

Rules:
1. The <o> and </o> tags are MANDATORY - responses without these tags will cause ERRORS
2. Between these tags, output ONLY valid JSON
3. No other text, explanations, or formatting is allowed
4. All JSON must use double quotes for keys and string values
5. All field names must be lowercase
6. Dates must use ISO format YYYY-MM-DD
7. Arrays must use square brackets []
8. Objects must use curly braces {}
9. Empty fields must use appropriate empty structures ([] for arrays, {} for objects)
</system>

<user>Parse this query into a structured JSON format: "What's the average price by category?"

Remember: Your response MUST start with <o> and end with </o></user>

<assistant>Here are some examples of correctly formatted responses:

Query: "Show me revenue and units by product for Q1 2024"
<o>
{
    "metrics": ["revenue", "units"],
    "time_range": {
        "start": "2024-01-01",
        "end": "2024-03-31"
    },
    "dimensions": ["product"],
    "filters": {},
    "sort": {}
}
</o>

Query: "What were our top 5 categories by revenue last month with sales over $1000?"
<o>
{
    "metrics": ["revenue"],
    "time_range": {
        "start": "2024-02-01",
        "end": "2024-02-29"
    },
    "dimensions": ["category"],
    "filters": {
        "revenue": ">=1000"
    },
    "sort": {
        "revenue": "desc"
    },
    "limit": 5
}
</o>

Now parse the given query and return ONLY your JSON response between <o></o> tags:</assistant>

<user>Return your response now, following the format exactly. Remember to wrap your response in <o></o> tags:</user>
========================================================================================================================
 (analysis_agent.py:26)
2025-01-28 02:40:32 [   DEBUG] Sending prompt to LLM... (analysis_agent.py:109)
2025-01-28 02:40:32 [   DEBUG] connect_tcp.started host='127.0.0.1' port=11434 local_address=None timeout=None socket_options=None (_trace.py:45)
2025-01-28 02:40:32 [   DEBUG] connect_tcp.complete return_value=<httpcore._backends.sync.SyncStream object at 0x16e999730> (_trace.py:45)
2025-01-28 02:40:32 [   DEBUG] send_request_headers.started request=<Request [b'POST']> (_trace.py:45)
2025-01-28 02:40:32 [   DEBUG] send_request_headers.complete (_trace.py:45)
2025-01-28 02:40:32 [   DEBUG] send_request_body.started request=<Request [b'POST']> (_trace.py:45)
2025-01-28 02:40:32 [   DEBUG] send_request_body.complete (_trace.py:45)
2025-01-28 02:40:32 [   DEBUG] receive_response_headers.started request=<Request [b'POST']> (_trace.py:45)
2025-01-28 02:40:36 [   DEBUG] receive_response_headers.complete return_value=(b'HTTP/1.1', 200, b'OK', [(b'Content-Type', b'application/x-ndjson'), (b'Date', b'Tue, 28 Jan 2025 10:40:36 GMT'), (b'Transfer-Encoding', b'chunked')]) (_trace.py:45)
2025-01-28 02:40:36 [    INFO] HTTP Request: POST http://127.0.0.1:11434/api/generate "HTTP/1.1 200 OK" (_client.py:1026)
2025-01-28 02:40:36 [   DEBUG] receive_response_body.started request=<Request [b'POST']> (_trace.py:45)
2025-01-28 02:40:38 [   DEBUG] receive_response_body.complete (_trace.py:45)
2025-01-28 02:40:38 [   DEBUG] response_closed.started (_trace.py:45)
2025-01-28 02:40:38 [   DEBUG] response_closed.complete (_trace.py:45)
2025-01-28 02:40:38 [   DEBUG] 
========================================================================================================================
RAW MODEL RESPONSE:
========================================================================================================================
{
    "metrics": ["average price"],
    "dimensions": ["category"]
}

========================================================================================================================
 (analysis_agent.py:26)
2025-01-28 02:40:38 [   DEBUG] 
========================================================================================================================
EXTRACTING JSON FROM RESPONSE:
========================================================================================================================
{
    "metrics": ["average price"],
    "dimensions": ["category"]
}

========================================================================================================================
 (analysis_agent.py:26)
2025-01-28 02:40:38 [   ERROR] No <o> tags found in response (analysis_agent.py:140)
2025-01-28 02:40:38 [   DEBUG] 
========================================================================================================================
PROCESSED RESPONSE (NO TAGS FOUND):
========================================================================================================================
{
    "metrics": ["average price"],
    "dimensions": ["category"]
}

========================================================================================================================
 (analysis_agent.py:26)
FAILED
------------------------------ live log teardown -------------------------------
2025-01-28 02:40:38 [    INFO] 
========================================================================================================================
 (test_agents.py:31)
2025-01-28 02:40:38 [    INFO] Finished test: test_query_understanding[What's the average price by category?-expected_metrics2] (test_agents.py:41)
2025-01-28 02:40:38 [    INFO] 
========================================================================================================================
 (test_agents.py:31)

tests/test_agents.py::test_error_handling 
-------------------------------- live log setup --------------------------------
2025-01-28 02:40:38 [    INFO] 
========================================================================================================================
 (test_agents.py:31)
2025-01-28 02:40:38 [    INFO] Starting test: test_error_handling (test_agents.py:37)
2025-01-28 02:40:38 [    INFO] 
========================================================================================================================
 (test_agents.py:31)
2025-01-28 02:40:38 [    INFO] Setting up mock database (test_agents.py:67)
2025-01-28 02:40:38 [   DEBUG] Mock database schema configured (test_agents.py:74)
2025-01-28 02:40:38 [    INFO] Initializing OllamaLLM for testing (test_agents.py:47)
2025-01-28 02:40:38 [   DEBUG] load_ssl_context verify=True cert=None trust_env=True http2=False (_config.py:80)
2025-01-28 02:40:38 [   DEBUG] load_verify_locations cafile='/opt/anaconda3/lib/python3.12/site-packages/certifi/cacert.pem' (_config.py:146)
2025-01-28 02:40:38 [   DEBUG] load_ssl_context verify=True cert=None trust_env=True http2=False (_config.py:80)
2025-01-28 02:40:38 [   DEBUG] load_verify_locations cafile='/opt/anaconda3/lib/python3.12/site-packages/certifi/cacert.pem' (_config.py:146)
2025-01-28 02:40:38 [    INFO] Initializing AnalysisAgent (analysis_agent.py:34)
2025-01-28 02:40:38 [    INFO] Successfully initialized all components (analysis_agent.py:98)
-------------------------------- live log call ---------------------------------
2025-01-28 02:40:38 [    INFO] Starting analysis for query: What was the revenue? on table: sales (analysis_agent.py:213)
2025-01-28 02:40:38 [   DEBUG] Step 1: Parsing user query (analysis_agent.py:217)
2025-01-28 02:40:38 [    INFO] Parsing user query: What was the revenue? (analysis_agent.py:102)
2025-01-28 02:40:38 [   DEBUG] 
========================================================================================================================
PROMPT TO MODEL:
========================================================================================================================
<system>You are a query parser that converts natural language queries into structured JSON format.

CRITICAL: Your response MUST follow this EXACT format:
<o>
{
    "metrics": [...],
    "dimensions": [...],
    "time_range": {...},
    "filters": {...},
    "sort": {...}
}
</o>

Rules:
1. The <o> and </o> tags are MANDATORY - responses without these tags will cause ERRORS
2. Between these tags, output ONLY valid JSON
3. No other text, explanations, or formatting is allowed
4. All JSON must use double quotes for keys and string values
5. All field names must be lowercase
6. Dates must use ISO format YYYY-MM-DD
7. Arrays must use square brackets []
8. Objects must use curly braces {}
9. Empty fields must use appropriate empty structures ([] for arrays, {} for objects)
</system>

<user>Parse this query into a structured JSON format: "What was the revenue?"

Remember: Your response MUST start with <o> and end with </o></user>

<assistant>Here are some examples of correctly formatted responses:

Query: "Show me revenue and units by product for Q1 2024"
<o>
{
    "metrics": ["revenue", "units"],
    "time_range": {
        "start": "2024-01-01",
        "end": "2024-03-31"
    },
    "dimensions": ["product"],
    "filters": {},
    "sort": {}
}
</o>

Query: "What were our top 5 categories by revenue last month with sales over $1000?"
<o>
{
    "metrics": ["revenue"],
    "time_range": {
        "start": "2024-02-01",
        "end": "2024-02-29"
    },
    "dimensions": ["category"],
    "filters": {
        "revenue": ">=1000"
    },
    "sort": {
        "revenue": "desc"
    },
    "limit": 5
}
</o>

Now parse the given query and return ONLY your JSON response between <o></o> tags:</assistant>

<user>Return your response now, following the format exactly. Remember to wrap your response in <o></o> tags:</user>
========================================================================================================================
 (analysis_agent.py:26)
2025-01-28 02:40:38 [   DEBUG] Sending prompt to LLM... (analysis_agent.py:109)
2025-01-28 02:40:38 [   DEBUG] connect_tcp.started host='127.0.0.1' port=11434 local_address=None timeout=None socket_options=None (_trace.py:45)
2025-01-28 02:40:38 [   DEBUG] connect_tcp.complete return_value=<httpcore._backends.sync.SyncStream object at 0x16e99aff0> (_trace.py:45)
2025-01-28 02:40:38 [   DEBUG] send_request_headers.started request=<Request [b'POST']> (_trace.py:45)
2025-01-28 02:40:38 [   DEBUG] send_request_headers.complete (_trace.py:45)
2025-01-28 02:40:38 [   DEBUG] send_request_body.started request=<Request [b'POST']> (_trace.py:45)
2025-01-28 02:40:38 [   DEBUG] send_request_body.complete (_trace.py:45)
2025-01-28 02:40:38 [   DEBUG] receive_response_headers.started request=<Request [b'POST']> (_trace.py:45)
2025-01-28 02:40:43 [   DEBUG] receive_response_headers.complete return_value=(b'HTTP/1.1', 200, b'OK', [(b'Content-Type', b'application/x-ndjson'), (b'Date', b'Tue, 28 Jan 2025 10:40:43 GMT'), (b'Transfer-Encoding', b'chunked')]) (_trace.py:45)
2025-01-28 02:40:43 [    INFO] HTTP Request: POST http://127.0.0.1:11434/api/generate "HTTP/1.1 200 OK" (_client.py:1026)
2025-01-28 02:40:43 [   DEBUG] receive_response_body.started request=<Request [b'POST']> (_trace.py:45)
2025-01-28 02:40:50 [   DEBUG] receive_response_body.complete (_trace.py:45)
2025-01-28 02:40:50 [   DEBUG] response_closed.started (_trace.py:45)
2025-01-28 02:40:50 [   DEBUG] response_closed.complete (_trace.py:45)
2025-01-28 02:40:50 [   DEBUG] 
========================================================================================================================
RAW MODEL RESPONSE:
========================================================================================================================
{
    "metrics": ["revenue"],
    "dimensions": [],
    "time_range": {},
    "filters": {},
    "sort": {}
}

  
  										
 									

 	



 	





 

 
 	




 

 

 

 

 

 

 

 

 

 

 

 

 


========================================================================================================================
 (analysis_agent.py:26)
2025-01-28 02:40:50 [   DEBUG] 
========================================================================================================================
EXTRACTING JSON FROM RESPONSE:
========================================================================================================================
{
    "metrics": ["revenue"],
    "dimensions": [],
    "time_range": {},
    "filters": {},
    "sort": {}
}

  
  										
 									

 	



 	





 

 
 	




 

 

 

 

 

 

 

 

 

 

 

 

 


========================================================================================================================
 (analysis_agent.py:26)
2025-01-28 02:40:50 [   ERROR] No <o> tags found in response (analysis_agent.py:140)
2025-01-28 02:40:50 [   DEBUG] 
========================================================================================================================
PROCESSED RESPONSE (NO TAGS FOUND):
========================================================================================================================
{
    "metrics": ["revenue"],
    "dimensions": [],
    "time_range": {},
    "filters": {},
    "sort": {}
}

  
  										
 									

 	



 	





 

 
 	




 

 

 

 

 

 

 

 

 

 

 

 

 


========================================================================================================================
 (analysis_agent.py:26)
2025-01-28 02:40:50 [   ERROR] Analysis execution failed: No <o> tags found in response (analysis_agent.py:235)
PASSED
------------------------------ live log teardown -------------------------------
2025-01-28 02:40:50 [    INFO] 
========================================================================================================================
 (test_agents.py:31)
2025-01-28 02:40:50 [    INFO] Finished test: test_error_handling (test_agents.py:41)
2025-01-28 02:40:50 [    INFO] 
========================================================================================================================
 (test_agents.py:31)

tests/test_agents.py::test_end_to_end_analysis 
-------------------------------- live log setup --------------------------------
2025-01-28 02:40:50 [    INFO] 
========================================================================================================================
 (test_agents.py:31)
2025-01-28 02:40:50 [    INFO] Starting test: test_end_to_end_analysis (test_agents.py:37)
2025-01-28 02:40:50 [    INFO] 
========================================================================================================================
 (test_agents.py:31)
2025-01-28 02:40:50 [    INFO] Setting up mock database (test_agents.py:67)
2025-01-28 02:40:50 [   DEBUG] Mock database schema configured (test_agents.py:74)
2025-01-28 02:40:50 [    INFO] Initializing OllamaLLM for testing (test_agents.py:47)
2025-01-28 02:40:50 [   DEBUG] load_ssl_context verify=True cert=None trust_env=True http2=False (_config.py:80)
2025-01-28 02:40:50 [   DEBUG] load_verify_locations cafile='/opt/anaconda3/lib/python3.12/site-packages/certifi/cacert.pem' (_config.py:146)
2025-01-28 02:40:50 [   DEBUG] load_ssl_context verify=True cert=None trust_env=True http2=False (_config.py:80)
2025-01-28 02:40:50 [   DEBUG] load_verify_locations cafile='/opt/anaconda3/lib/python3.12/site-packages/certifi/cacert.pem' (_config.py:146)
2025-01-28 02:40:50 [    INFO] Initializing AnalysisAgent (analysis_agent.py:34)
2025-01-28 02:40:50 [    INFO] Successfully initialized all components (analysis_agent.py:98)
-------------------------------- live log call ---------------------------------
2025-01-28 02:40:50 [    INFO] Starting analysis for query: What is the total revenue by category this year? on table: test_sales (analysis_agent.py:213)
2025-01-28 02:40:50 [   DEBUG] Step 1: Parsing user query (analysis_agent.py:217)
2025-01-28 02:40:50 [    INFO] Parsing user query: What is the total revenue by category this year? (analysis_agent.py:102)
2025-01-28 02:40:50 [   DEBUG] 
========================================================================================================================
PROMPT TO MODEL:
========================================================================================================================
<system>You are a query parser that converts natural language queries into structured JSON format.

CRITICAL: Your response MUST follow this EXACT format:
<o>
{
    "metrics": [...],
    "dimensions": [...],
    "time_range": {...},
    "filters": {...},
    "sort": {...}
}
</o>

Rules:
1. The <o> and </o> tags are MANDATORY - responses without these tags will cause ERRORS
2. Between these tags, output ONLY valid JSON
3. No other text, explanations, or formatting is allowed
4. All JSON must use double quotes for keys and string values
5. All field names must be lowercase
6. Dates must use ISO format YYYY-MM-DD
7. Arrays must use square brackets []
8. Objects must use curly braces {}
9. Empty fields must use appropriate empty structures ([] for arrays, {} for objects)
</system>

<user>Parse this query into a structured JSON format: "What is the total revenue by category this year?"

Remember: Your response MUST start with <o> and end with </o></user>

<assistant>Here are some examples of correctly formatted responses:

Query: "Show me revenue and units by product for Q1 2024"
<o>
{
    "metrics": ["revenue", "units"],
    "time_range": {
        "start": "2024-01-01",
        "end": "2024-03-31"
    },
    "dimensions": ["product"],
    "filters": {},
    "sort": {}
}
</o>

Query: "What were our top 5 categories by revenue last month with sales over $1000?"
<o>
{
    "metrics": ["revenue"],
    "time_range": {
        "start": "2024-02-01",
        "end": "2024-02-29"
    },
    "dimensions": ["category"],
    "filters": {
        "revenue": ">=1000"
    },
    "sort": {
        "revenue": "desc"
    },
    "limit": 5
}
</o>

Now parse the given query and return ONLY your JSON response between <o></o> tags:</assistant>

<user>Return your response now, following the format exactly. Remember to wrap your response in <o></o> tags:</user>
========================================================================================================================
 (analysis_agent.py:26)
2025-01-28 02:40:50 [   DEBUG] Sending prompt to LLM... (analysis_agent.py:109)
2025-01-28 02:40:50 [   DEBUG] connect_tcp.started host='127.0.0.1' port=11434 local_address=None timeout=None socket_options=None (_trace.py:45)
2025-01-28 02:40:50 [   DEBUG] connect_tcp.complete return_value=<httpcore._backends.sync.SyncStream object at 0x16e989070> (_trace.py:45)
2025-01-28 02:40:50 [   DEBUG] send_request_headers.started request=<Request [b'POST']> (_trace.py:45)
2025-01-28 02:40:50 [   DEBUG] send_request_headers.complete (_trace.py:45)
2025-01-28 02:40:50 [   DEBUG] send_request_body.started request=<Request [b'POST']> (_trace.py:45)
2025-01-28 02:40:50 [   DEBUG] send_request_body.complete (_trace.py:45)
2025-01-28 02:40:50 [   DEBUG] receive_response_headers.started request=<Request [b'POST']> (_trace.py:45)
2025-01-28 02:40:55 [   DEBUG] receive_response_headers.complete return_value=(b'HTTP/1.1', 200, b'OK', [(b'Content-Type', b'application/x-ndjson'), (b'Date', b'Tue, 28 Jan 2025 10:40:55 GMT'), (b'Transfer-Encoding', b'chunked')]) (_trace.py:45)
2025-01-28 02:40:55 [    INFO] HTTP Request: POST http://127.0.0.1:11434/api/generate "HTTP/1.1 200 OK" (_client.py:1026)
2025-01-28 02:40:55 [   DEBUG] receive_response_body.started request=<Request [b'POST']> (_trace.py:45)
2025-01-28 02:41:02 [   DEBUG] receive_response_body.complete (_trace.py:45)
2025-01-28 02:41:02 [   DEBUG] response_closed.started (_trace.py:45)
2025-01-28 02:41:02 [   DEBUG] response_closed.complete (_trace.py:45)
2025-01-28 02:41:02 [   DEBUG] 
========================================================================================================================
RAW MODEL RESPONSE:
========================================================================================================================
{
    "metrics": ["total_revenue"],
    "dimensions": ["category"],
    "time_range": {
        "start": "2024-01-01",
        "end": "2024-12-31"
    },
    "filters": {},
    "sort": {}
}
========================================================================================================================
 (analysis_agent.py:26)
2025-01-28 02:41:02 [   DEBUG] 
========================================================================================================================
EXTRACTING JSON FROM RESPONSE:
========================================================================================================================
{
    "metrics": ["total_revenue"],
    "dimensions": ["category"],
    "time_range": {
        "start": "2024-01-01",
        "end": "2024-12-31"
    },
    "filters": {},
    "sort": {}
}
========================================================================================================================
 (analysis_agent.py:26)
2025-01-28 02:41:02 [   ERROR] No <o> tags found in response (analysis_agent.py:140)
2025-01-28 02:41:02 [   DEBUG] 
========================================================================================================================
PROCESSED RESPONSE (NO TAGS FOUND):
========================================================================================================================
{
    "metrics": ["total_revenue"],
    "dimensions": ["category"],
    "time_range": {
        "start": "2024-01-01",
        "end": "2024-12-31"
    },
    "filters": {},
    "sort": {}
}
========================================================================================================================
 (analysis_agent.py:26)
2025-01-28 02:41:02 [   ERROR] Analysis execution failed: No <o> tags found in response (analysis_agent.py:235)
FAILED
------------------------------ live log teardown -------------------------------
2025-01-28 02:41:02 [    INFO] 
========================================================================================================================
 (test_agents.py:31)
2025-01-28 02:41:02 [    INFO] Finished test: test_end_to_end_analysis (test_agents.py:41)
2025-01-28 02:41:02 [    INFO] 
========================================================================================================================
 (test_agents.py:31)

tests/test_agents.py::test_explain_results 
-------------------------------- live log setup --------------------------------
2025-01-28 02:41:02 [    INFO] 
========================================================================================================================
 (test_agents.py:31)
2025-01-28 02:41:02 [    INFO] Starting test: test_explain_results (test_agents.py:37)
2025-01-28 02:41:02 [    INFO] 
========================================================================================================================
 (test_agents.py:31)
2025-01-28 02:41:02 [    INFO] Setting up mock database (test_agents.py:67)
2025-01-28 02:41:02 [   DEBUG] Mock database schema configured (test_agents.py:74)
2025-01-28 02:41:02 [    INFO] Initializing OllamaLLM for testing (test_agents.py:47)
2025-01-28 02:41:02 [   DEBUG] load_ssl_context verify=True cert=None trust_env=True http2=False (_config.py:80)
2025-01-28 02:41:02 [   DEBUG] load_verify_locations cafile='/opt/anaconda3/lib/python3.12/site-packages/certifi/cacert.pem' (_config.py:146)
2025-01-28 02:41:02 [   DEBUG] load_ssl_context verify=True cert=None trust_env=True http2=False (_config.py:80)
2025-01-28 02:41:02 [   DEBUG] load_verify_locations cafile='/opt/anaconda3/lib/python3.12/site-packages/certifi/cacert.pem' (_config.py:146)
2025-01-28 02:41:02 [    INFO] Initializing AnalysisAgent (analysis_agent.py:34)
2025-01-28 02:41:02 [    INFO] Successfully initialized all components (analysis_agent.py:98)
-------------------------------- live log call ---------------------------------
2025-01-28 02:41:02 [    INFO] Generating explanation for analysis results (analysis_agent.py:240)
2025-01-28 02:41:02 [   DEBUG] Generated explanation prompt:
input_variables=['results'] input_types={} partial_variables={} template='You are a business analyst explaining data analysis results.\n\nFor the following results:\n{results}\n\nProvide a clear explanation focusing on:\n1. Key findings and trends\n2. Notable patterns or anomalies\n3. Business implications\n4. Actionable recommendations\n\nIMPORTANT: Return ONLY the explanation, no other text or formatting.\n\nReturn ONLY the explanation:' (analysis_agent.py:260)
2025-01-28 02:41:02 [   DEBUG] connect_tcp.started host='127.0.0.1' port=11434 local_address=None timeout=None socket_options=None (_trace.py:45)
2025-01-28 02:41:02 [   DEBUG] connect_tcp.complete return_value=<httpcore._backends.sync.SyncStream object at 0x16e98baa0> (_trace.py:45)
2025-01-28 02:41:02 [   DEBUG] send_request_headers.started request=<Request [b'POST']> (_trace.py:45)
2025-01-28 02:41:02 [   DEBUG] send_request_headers.complete (_trace.py:45)
2025-01-28 02:41:02 [   DEBUG] send_request_body.started request=<Request [b'POST']> (_trace.py:45)
2025-01-28 02:41:02 [   DEBUG] send_request_body.complete (_trace.py:45)
2025-01-28 02:41:02 [   DEBUG] receive_response_headers.started request=<Request [b'POST']> (_trace.py:45)
2025-01-28 02:41:04 [   DEBUG] receive_response_headers.complete return_value=(b'HTTP/1.1', 200, b'OK', [(b'Content-Type', b'application/x-ndjson'), (b'Date', b'Tue, 28 Jan 2025 10:41:04 GMT'), (b'Transfer-Encoding', b'chunked')]) (_trace.py:45)
2025-01-28 02:41:04 [    INFO] HTTP Request: POST http://127.0.0.1:11434/api/generate "HTTP/1.1 200 OK" (_client.py:1026)
2025-01-28 02:41:04 [   DEBUG] receive_response_body.started request=<Request [b'POST']> (_trace.py:45)
2025-01-28 02:41:24 [   DEBUG] receive_response_body.complete (_trace.py:45)
2025-01-28 02:41:24 [   DEBUG] response_closed.started (_trace.py:45)
2025-01-28 02:41:24 [   DEBUG] response_closed.complete (_trace.py:45)
2025-01-28 02:41:24 [   DEBUG] Raw explanation response:
{
"explanation": "The data shows that Product A generated $100 in revenue on January 1st, while Product B earned $200 on January 2nd. This indicates a higher initial performance from Product B compared to Product A over the two-day period. The trend suggests that Product B might be more popular or have better market demand than Product A at this early stage. However, with only two days of data, it's too soon to confirm any long-term trends. Notably, there are no anomalies in the revenue figures as both entries fall within expected ranges for new product launches. From a business perspective, focusing on Product B could yield higher returns given its stronger start. It is recommended that further analysis be conducted over an extended period to validate these findings and ensure they hold true beyond the initial launch phase."
} (analysis_agent.py:263)
2025-01-28 02:41:24 [   DEBUG] Cleaned explanation:
{
"explanation": "The data shows that Product A generated $100 in revenue on January 1st, while Product B earned $200 on January 2nd. This indicates a higher initial performance from Product B compared to Product A over the two-day period. The trend suggests that Product B might be more popular or have better market demand than Product A at this early stage. However, with only two days of data, it's too soon to confirm any long-term trends. Notably, there are no anomalies in the revenue figures as both entries fall within expected ranges for new product launches. From a business perspective, focusing on Product B could yield higher returns given its stronger start. It is recommended that further analysis be conducted over an extended period to validate these findings and ensure they hold true beyond the initial launch phase."
} (analysis_agent.py:273)
PASSED
------------------------------ live log teardown -------------------------------
2025-01-28 02:41:24 [    INFO] 
========================================================================================================================
 (test_agents.py:31)
2025-01-28 02:41:24 [    INFO] Finished test: test_explain_results (test_agents.py:41)
2025-01-28 02:41:24 [    INFO] 
========================================================================================================================
 (test_agents.py:31)

tests/test_agents.py::test_model_output_formatting[Show me total revenue by product for last month-expected_format0] 
-------------------------------- live log setup --------------------------------
2025-01-28 02:41:24 [    INFO] 
========================================================================================================================
 (test_agents.py:31)
2025-01-28 02:41:24 [    INFO] Starting test: test_model_output_formatting[Show me total revenue by product for last month-expected_format0] (test_agents.py:37)
2025-01-28 02:41:24 [    INFO] 
========================================================================================================================
 (test_agents.py:31)
2025-01-28 02:41:24 [    INFO] Setting up mock database (test_agents.py:67)
2025-01-28 02:41:24 [   DEBUG] Mock database schema configured (test_agents.py:74)
2025-01-28 02:41:24 [    INFO] Initializing OllamaLLM for testing (test_agents.py:47)
2025-01-28 02:41:24 [   DEBUG] load_ssl_context verify=True cert=None trust_env=True http2=False (_config.py:80)
2025-01-28 02:41:24 [   DEBUG] load_verify_locations cafile='/opt/anaconda3/lib/python3.12/site-packages/certifi/cacert.pem' (_config.py:146)
2025-01-28 02:41:24 [   DEBUG] load_ssl_context verify=True cert=None trust_env=True http2=False (_config.py:80)
2025-01-28 02:41:24 [   DEBUG] load_verify_locations cafile='/opt/anaconda3/lib/python3.12/site-packages/certifi/cacert.pem' (_config.py:146)
2025-01-28 02:41:24 [    INFO] Initializing AnalysisAgent (analysis_agent.py:34)
2025-01-28 02:41:24 [    INFO] Successfully initialized all components (analysis_agent.py:98)
-------------------------------- live log call ---------------------------------
2025-01-28 02:41:24 [    INFO] Testing model output formatting for query: Show me total revenue by product for last month (test_agents.py:256)
2025-01-28 02:41:24 [    INFO] Parsing user query: Show me total revenue by product for last month (analysis_agent.py:102)
2025-01-28 02:41:24 [   DEBUG] 
========================================================================================================================
PROMPT TO MODEL:
========================================================================================================================
<system>You are a query parser that converts natural language queries into structured JSON format.

CRITICAL: Your response MUST follow this EXACT format:
<o>
{
    "metrics": [...],
    "dimensions": [...],
    "time_range": {...},
    "filters": {...},
    "sort": {...}
}
</o>

Rules:
1. The <o> and </o> tags are MANDATORY - responses without these tags will cause ERRORS
2. Between these tags, output ONLY valid JSON
3. No other text, explanations, or formatting is allowed
4. All JSON must use double quotes for keys and string values
5. All field names must be lowercase
6. Dates must use ISO format YYYY-MM-DD
7. Arrays must use square brackets []
8. Objects must use curly braces {}
9. Empty fields must use appropriate empty structures ([] for arrays, {} for objects)
</system>

<user>Parse this query into a structured JSON format: "Show me total revenue by product for last month"

Remember: Your response MUST start with <o> and end with </o></user>

<assistant>Here are some examples of correctly formatted responses:

Query: "Show me revenue and units by product for Q1 2024"
<o>
{
    "metrics": ["revenue", "units"],
    "time_range": {
        "start": "2024-01-01",
        "end": "2024-03-31"
    },
    "dimensions": ["product"],
    "filters": {},
    "sort": {}
}
</o>

Query: "What were our top 5 categories by revenue last month with sales over $1000?"
<o>
{
    "metrics": ["revenue"],
    "time_range": {
        "start": "2024-02-01",
        "end": "2024-02-29"
    },
    "dimensions": ["category"],
    "filters": {
        "revenue": ">=1000"
    },
    "sort": {
        "revenue": "desc"
    },
    "limit": 5
}
</o>

Now parse the given query and return ONLY your JSON response between <o></o> tags:</assistant>

<user>Return your response now, following the format exactly. Remember to wrap your response in <o></o> tags:</user>
========================================================================================================================
 (analysis_agent.py:26)
2025-01-28 02:41:24 [   DEBUG] Sending prompt to LLM... (analysis_agent.py:109)
2025-01-28 02:41:24 [   DEBUG] connect_tcp.started host='127.0.0.1' port=11434 local_address=None timeout=None socket_options=None (_trace.py:45)
2025-01-28 02:41:24 [   DEBUG] connect_tcp.complete return_value=<httpcore._backends.sync.SyncStream object at 0x16e99b6b0> (_trace.py:45)
2025-01-28 02:41:24 [   DEBUG] send_request_headers.started request=<Request [b'POST']> (_trace.py:45)
2025-01-28 02:41:24 [   DEBUG] send_request_headers.complete (_trace.py:45)
2025-01-28 02:41:24 [   DEBUG] send_request_body.started request=<Request [b'POST']> (_trace.py:45)
2025-01-28 02:41:24 [   DEBUG] send_request_body.complete (_trace.py:45)
2025-01-28 02:41:24 [   DEBUG] receive_response_headers.started request=<Request [b'POST']> (_trace.py:45)
2025-01-28 02:41:28 [   DEBUG] receive_response_headers.complete return_value=(b'HTTP/1.1', 200, b'OK', [(b'Content-Type', b'application/x-ndjson'), (b'Date', b'Tue, 28 Jan 2025 10:41:28 GMT'), (b'Transfer-Encoding', b'chunked')]) (_trace.py:45)
2025-01-28 02:41:28 [    INFO] HTTP Request: POST http://127.0.0.1:11434/api/generate "HTTP/1.1 200 OK" (_client.py:1026)
2025-01-28 02:41:28 [   DEBUG] receive_response_body.started request=<Request [b'POST']> (_trace.py:45)
2025-01-28 02:41:35 [   DEBUG] receive_response_body.complete (_trace.py:45)
2025-01-28 02:41:35 [   DEBUG] response_closed.started (_trace.py:45)
2025-01-28 02:41:35 [   DEBUG] response_closed.complete (_trace.py:45)
2025-01-28 02:41:35 [   DEBUG] 
========================================================================================================================
RAW MODEL RESPONSE:
========================================================================================================================
{
    "metrics": ["total revenue"],
    "dimensions": ["product"],
    "time_range": {
        "start": "2023-12-01",
        "end": "2023-12-31"
    },
    "filters": {},
    "sort": {}
}
========================================================================================================================
 (analysis_agent.py:26)
2025-01-28 02:41:35 [   DEBUG] 
========================================================================================================================
EXTRACTING JSON FROM RESPONSE:
========================================================================================================================
{
    "metrics": ["total revenue"],
    "dimensions": ["product"],
    "time_range": {
        "start": "2023-12-01",
        "end": "2023-12-31"
    },
    "filters": {},
    "sort": {}
}
========================================================================================================================
 (analysis_agent.py:26)
2025-01-28 02:41:35 [   ERROR] No <o> tags found in response (analysis_agent.py:140)
2025-01-28 02:41:35 [   DEBUG] 
========================================================================================================================
PROCESSED RESPONSE (NO TAGS FOUND):
========================================================================================================================
{
    "metrics": ["total revenue"],
    "dimensions": ["product"],
    "time_range": {
        "start": "2023-12-01",
        "end": "2023-12-31"
    },
    "filters": {},
    "sort": {}
}
========================================================================================================================
 (analysis_agent.py:26)
2025-01-28 02:41:35 [   ERROR] Test failed: No <o> tags found in response (test_agents.py:291)
FAILED
------------------------------ live log teardown -------------------------------
2025-01-28 02:41:35 [    INFO] 
========================================================================================================================
 (test_agents.py:31)
2025-01-28 02:41:35 [    INFO] Finished test: test_model_output_formatting[Show me total revenue by product for last month-expected_format0] (test_agents.py:41)
2025-01-28 02:41:35 [    INFO] 
========================================================================================================================
 (test_agents.py:31)

tests/test_agents.py::test_model_output_formatting[Generate SQL to calculate daily sales-expected_format1] 
-------------------------------- live log setup --------------------------------
2025-01-28 02:41:35 [    INFO] 
========================================================================================================================
 (test_agents.py:31)
2025-01-28 02:41:35 [    INFO] Starting test: test_model_output_formatting[Generate SQL to calculate daily sales-expected_format1] (test_agents.py:37)
2025-01-28 02:41:35 [    INFO] 
========================================================================================================================
 (test_agents.py:31)
2025-01-28 02:41:35 [    INFO] Setting up mock database (test_agents.py:67)
2025-01-28 02:41:35 [   DEBUG] Mock database schema configured (test_agents.py:74)
2025-01-28 02:41:35 [    INFO] Initializing OllamaLLM for testing (test_agents.py:47)
2025-01-28 02:41:35 [   DEBUG] load_ssl_context verify=True cert=None trust_env=True http2=False (_config.py:80)
2025-01-28 02:41:35 [   DEBUG] load_verify_locations cafile='/opt/anaconda3/lib/python3.12/site-packages/certifi/cacert.pem' (_config.py:146)
2025-01-28 02:41:35 [   DEBUG] load_ssl_context verify=True cert=None trust_env=True http2=False (_config.py:80)
2025-01-28 02:41:35 [   DEBUG] load_verify_locations cafile='/opt/anaconda3/lib/python3.12/site-packages/certifi/cacert.pem' (_config.py:146)
2025-01-28 02:41:35 [    INFO] Initializing AnalysisAgent (analysis_agent.py:34)
2025-01-28 02:41:35 [    INFO] Successfully initialized all components (analysis_agent.py:98)
-------------------------------- live log call ---------------------------------
2025-01-28 02:41:35 [    INFO] Testing model output formatting for query: Generate SQL to calculate daily sales (test_agents.py:256)
2025-01-28 02:41:35 [    INFO] Parsing user query: Generate SQL to calculate daily sales (analysis_agent.py:102)
2025-01-28 02:41:35 [   DEBUG] 
========================================================================================================================
PROMPT TO MODEL:
========================================================================================================================
<system>You are a query parser that converts natural language queries into structured JSON format.

CRITICAL: Your response MUST follow this EXACT format:
<o>
{
    "metrics": [...],
    "dimensions": [...],
    "time_range": {...},
    "filters": {...},
    "sort": {...}
}
</o>

Rules:
1. The <o> and </o> tags are MANDATORY - responses without these tags will cause ERRORS
2. Between these tags, output ONLY valid JSON
3. No other text, explanations, or formatting is allowed
4. All JSON must use double quotes for keys and string values
5. All field names must be lowercase
6. Dates must use ISO format YYYY-MM-DD
7. Arrays must use square brackets []
8. Objects must use curly braces {}
9. Empty fields must use appropriate empty structures ([] for arrays, {} for objects)
</system>

<user>Parse this query into a structured JSON format: "Generate SQL to calculate daily sales"

Remember: Your response MUST start with <o> and end with </o></user>

<assistant>Here are some examples of correctly formatted responses:

Query: "Show me revenue and units by product for Q1 2024"
<o>
{
    "metrics": ["revenue", "units"],
    "time_range": {
        "start": "2024-01-01",
        "end": "2024-03-31"
    },
    "dimensions": ["product"],
    "filters": {},
    "sort": {}
}
</o>

Query: "What were our top 5 categories by revenue last month with sales over $1000?"
<o>
{
    "metrics": ["revenue"],
    "time_range": {
        "start": "2024-02-01",
        "end": "2024-02-29"
    },
    "dimensions": ["category"],
    "filters": {
        "revenue": ">=1000"
    },
    "sort": {
        "revenue": "desc"
    },
    "limit": 5
}
</o>

Now parse the given query and return ONLY your JSON response between <o></o> tags:</assistant>

<user>Return your response now, following the format exactly. Remember to wrap your response in <o></o> tags:</user>
========================================================================================================================
 (analysis_agent.py:26)
2025-01-28 02:41:35 [   DEBUG] Sending prompt to LLM... (analysis_agent.py:109)
2025-01-28 02:41:35 [   DEBUG] connect_tcp.started host='127.0.0.1' port=11434 local_address=None timeout=None socket_options=None (_trace.py:45)
2025-01-28 02:41:35 [   DEBUG] connect_tcp.complete return_value=<httpcore._backends.sync.SyncStream object at 0x16e99b8f0> (_trace.py:45)
2025-01-28 02:41:35 [   DEBUG] send_request_headers.started request=<Request [b'POST']> (_trace.py:45)
2025-01-28 02:41:35 [   DEBUG] send_request_headers.complete (_trace.py:45)
2025-01-28 02:41:35 [   DEBUG] send_request_body.started request=<Request [b'POST']> (_trace.py:45)
2025-01-28 02:41:35 [   DEBUG] send_request_body.complete (_trace.py:45)
2025-01-28 02:41:35 [   DEBUG] receive_response_headers.started request=<Request [b'POST']> (_trace.py:45)
2025-01-28 02:41:39 [   DEBUG] receive_response_headers.complete return_value=(b'HTTP/1.1', 200, b'OK', [(b'Content-Type', b'application/x-ndjson'), (b'Date', b'Tue, 28 Jan 2025 10:41:39 GMT'), (b'Transfer-Encoding', b'chunked')]) (_trace.py:45)
2025-01-28 02:41:39 [    INFO] HTTP Request: POST http://127.0.0.1:11434/api/generate "HTTP/1.1 200 OK" (_client.py:1026)
2025-01-28 02:41:39 [   DEBUG] receive_response_body.started request=<Request [b'POST']> (_trace.py:45)
2025-01-28 02:41:46 [   DEBUG] receive_response_body.complete (_trace.py:45)
2025-01-28 02:41:46 [   DEBUG] response_closed.started (_trace.py:45)
2025-01-28 02:41:46 [   DEBUG] response_closed.complete (_trace.py:45)
2025-01-28 02:41:46 [   DEBUG] 
========================================================================================================================
RAW MODEL RESPONSE:
========================================================================================================================
{
    "metrics": ["daily sales"],
    "dimensions": [],
    "time_range": {},
    "filters": {},
    "sort": {}
}
  
  										
 									

 	



 	





 

 
 

 

 

 

 

 

 

 

 

 

 

 

 

 

 

 


========================================================================================================================
 (analysis_agent.py:26)
2025-01-28 02:41:46 [   DEBUG] 
========================================================================================================================
EXTRACTING JSON FROM RESPONSE:
========================================================================================================================
{
    "metrics": ["daily sales"],
    "dimensions": [],
    "time_range": {},
    "filters": {},
    "sort": {}
}
  
  										
 									

 	



 	





 

 
 

 

 

 

 

 

 

 

 

 

 

 

 

 

 

 


========================================================================================================================
 (analysis_agent.py:26)
2025-01-28 02:41:46 [   ERROR] No <o> tags found in response (analysis_agent.py:140)
2025-01-28 02:41:46 [   DEBUG] 
========================================================================================================================
PROCESSED RESPONSE (NO TAGS FOUND):
========================================================================================================================
{
    "metrics": ["daily sales"],
    "dimensions": [],
    "time_range": {},
    "filters": {},
    "sort": {}
}
  
  										
 									

 	



 	





 

 
 

 

 

 

 

 

 

 

 

 

 

 

 

 

 

 


========================================================================================================================
 (analysis_agent.py:26)
2025-01-28 02:41:46 [   ERROR] Test failed: No <o> tags found in response (test_agents.py:291)
FAILED
------------------------------ live log teardown -------------------------------
2025-01-28 02:41:46 [    INFO] 
========================================================================================================================
 (test_agents.py:31)
2025-01-28 02:41:46 [    INFO] Finished test: test_model_output_formatting[Generate SQL to calculate daily sales-expected_format1] (test_agents.py:41)
2025-01-28 02:41:46 [    INFO] 
========================================================================================================================
 (test_agents.py:31)


=================================== FAILURES ===================================
____________________________ test_parse_user_query _____________________________
tests/test_agents.py:86: in test_parse_user_query
    result = analysis_agent.parse_user_query(query)
analysis/analysis_agent.py:119: in parse_user_query
    cleaned_response = self._extract_json_from_response(raw_response)
analysis/analysis_agent.py:142: in _extract_json_from_response
    raise Exception("No <o> tags found in response")
E   Exception: No <o> tags found in response
------------------------------ Captured log setup ------------------------------
INFO     tests.test_agents:test_agents.py:31 
========================================================================================================================

INFO     tests.test_agents:test_agents.py:37 Starting test: test_parse_user_query
INFO     tests.test_agents:test_agents.py:31 
========================================================================================================================

INFO     tests.test_agents:test_agents.py:67 Setting up mock database
DEBUG    tests.test_agents:test_agents.py:74 Mock database schema configured
INFO     tests.test_agents:test_agents.py:47 Initializing OllamaLLM for testing
DEBUG    httpx:_config.py:80 load_ssl_context verify=True cert=None trust_env=True http2=False
DEBUG    httpx:_config.py:146 load_verify_locations cafile='/opt/anaconda3/lib/python3.12/site-packages/certifi/cacert.pem'
DEBUG    httpx:_config.py:80 load_ssl_context verify=True cert=None trust_env=True http2=False
DEBUG    httpx:_config.py:146 load_verify_locations cafile='/opt/anaconda3/lib/python3.12/site-packages/certifi/cacert.pem'
INFO     analysis.analysis_agent:analysis_agent.py:34 Initializing AnalysisAgent
INFO     analysis.analysis_agent:analysis_agent.py:98 Successfully initialized all components
------------------------------ Captured log call -------------------------------
INFO     tests.test_agents:test_agents.py:84 Testing query parsing
INFO     analysis.analysis_agent:analysis_agent.py:102 Parsing user query: Show me total revenue by product
DEBUG    analysis.analysis_agent:analysis_agent.py:26 
========================================================================================================================
PROMPT TO MODEL:
========================================================================================================================
<system>You are a query parser that converts natural language queries into structured JSON format.

CRITICAL: Your response MUST follow this EXACT format:
<o>
{
    "metrics": [...],
    "dimensions": [...],
    "time_range": {...},
    "filters": {...},
    "sort": {...}
}
</o>

Rules:
1. The <o> and </o> tags are MANDATORY - responses without these tags will cause ERRORS
2. Between these tags, output ONLY valid JSON
3. No other text, explanations, or formatting is allowed
4. All JSON must use double quotes for keys and string values
5. All field names must be lowercase
6. Dates must use ISO format YYYY-MM-DD
7. Arrays must use square brackets []
8. Objects must use curly braces {}
9. Empty fields must use appropriate empty structures ([] for arrays, {} for objects)
</system>

<user>Parse this query into a structured JSON format: "Show me total revenue by product"

Remember: Your response MUST start with <o> and end with </o></user>

<assistant>Here are some examples of correctly formatted responses:

Query: "Show me revenue and units by product for Q1 2024"
<o>
{
    "metrics": ["revenue", "units"],
    "time_range": {
        "start": "2024-01-01",
        "end": "2024-03-31"
    },
    "dimensions": ["product"],
    "filters": {},
    "sort": {}
}
</o>

Query: "What were our top 5 categories by revenue last month with sales over $1000?"
<o>
{
    "metrics": ["revenue"],
    "time_range": {
        "start": "2024-02-01",
        "end": "2024-02-29"
    },
    "dimensions": ["category"],
    "filters": {
        "revenue": ">=1000"
    },
    "sort": {
        "revenue": "desc"
    },
    "limit": 5
}
</o>

Now parse the given query and return ONLY your JSON response between <o></o> tags:</assistant>

<user>Return your response now, following the format exactly. Remember to wrap your response in <o></o> tags:</user>
========================================================================================================================

DEBUG    analysis.analysis_agent:analysis_agent.py:109 Sending prompt to LLM...
DEBUG    httpcore.connection:_trace.py:45 connect_tcp.started host='127.0.0.1' port=11434 local_address=None timeout=None socket_options=None
DEBUG    httpcore.connection:_trace.py:45 connect_tcp.complete return_value=<httpcore._backends.sync.SyncStream object at 0x137d6f290>
DEBUG    httpcore.http11:_trace.py:45 send_request_headers.started request=<Request [b'POST']>
DEBUG    httpcore.http11:_trace.py:45 send_request_headers.complete
DEBUG    httpcore.http11:_trace.py:45 send_request_body.started request=<Request [b'POST']>
DEBUG    httpcore.http11:_trace.py:45 send_request_body.complete
DEBUG    httpcore.http11:_trace.py:45 receive_response_headers.started request=<Request [b'POST']>
DEBUG    httpcore.http11:_trace.py:45 receive_response_headers.complete return_value=(b'HTTP/1.1', 200, b'OK', [(b'Content-Type', b'application/x-ndjson'), (b'Date', b'Tue, 28 Jan 2025 10:40:06 GMT'), (b'Transfer-Encoding', b'chunked')])
INFO     httpx:_client.py:1026 HTTP Request: POST http://127.0.0.1:11434/api/generate "HTTP/1.1 200 OK"
DEBUG    httpcore.http11:_trace.py:45 receive_response_body.started request=<Request [b'POST']>
DEBUG    httpcore.http11:_trace.py:45 receive_response_body.complete
DEBUG    httpcore.http11:_trace.py:45 response_closed.started
DEBUG    httpcore.http11:_trace.py:45 response_closed.complete
DEBUG    analysis.analysis_agent:analysis_agent.py:26 
========================================================================================================================
RAW MODEL RESPONSE:
========================================================================================================================
{
    "metrics": ["total_revenue"],
    "dimensions": ["product"]
}

========================================================================================================================

DEBUG    analysis.analysis_agent:analysis_agent.py:26 
========================================================================================================================
EXTRACTING JSON FROM RESPONSE:
========================================================================================================================
{
    "metrics": ["total_revenue"],
    "dimensions": ["product"]
}

========================================================================================================================

ERROR    analysis.analysis_agent:analysis_agent.py:140 No <o> tags found in response
DEBUG    analysis.analysis_agent:analysis_agent.py:26 
========================================================================================================================
PROCESSED RESPONSE (NO TAGS FOUND):
========================================================================================================================
{
    "metrics": ["total_revenue"],
    "dimensions": ["product"]
}

========================================================================================================================
---------------------------- Captured log teardown -----------------------------
INFO     tests.test_agents:test_agents.py:31 
========================================================================================================================

INFO     tests.test_agents:test_agents.py:41 Finished test: test_parse_user_query
INFO     tests.test_agents:test_agents.py:31 
========================================================================================================================
______________________________ test_generate_sql _______________________________
tests/test_agents.py:103: in test_generate_sql
    sql = analysis_agent.generate_sql("test_table", params)
analysis/analysis_agent.py:176: in generate_sql
    sql = self._extract_sql_from_response(raw_response)
analysis/analysis_agent.py:196: in _extract_sql_from_response
    raise Exception("No <sql> tags found in response")
E   Exception: No <sql> tags found in response
------------------------------ Captured log setup ------------------------------
INFO     tests.test_agents:test_agents.py:31 
========================================================================================================================

INFO     tests.test_agents:test_agents.py:37 Starting test: test_generate_sql
INFO     tests.test_agents:test_agents.py:31 
========================================================================================================================

INFO     tests.test_agents:test_agents.py:67 Setting up mock database
DEBUG    tests.test_agents:test_agents.py:74 Mock database schema configured
INFO     tests.test_agents:test_agents.py:47 Initializing OllamaLLM for testing
DEBUG    httpx:_config.py:80 load_ssl_context verify=True cert=None trust_env=True http2=False
DEBUG    httpx:_config.py:146 load_verify_locations cafile='/opt/anaconda3/lib/python3.12/site-packages/certifi/cacert.pem'
DEBUG    httpx:_config.py:80 load_ssl_context verify=True cert=None trust_env=True http2=False
DEBUG    httpx:_config.py:146 load_verify_locations cafile='/opt/anaconda3/lib/python3.12/site-packages/certifi/cacert.pem'
INFO     analysis.analysis_agent:analysis_agent.py:34 Initializing AnalysisAgent
INFO     analysis.analysis_agent:analysis_agent.py:98 Successfully initialized all components
------------------------------ Captured log call -------------------------------
INFO     tests.test_agents:test_agents.py:94 Testing SQL generation
DEBUG    tests.test_agents:test_agents.py:102 Input parameters: {'metrics': ['revenue'], 'dimensions': ['product'], 'time_range': {'start': '2024-01-01', 'end': '2024-01-31'}, 'filters': {}, 'sort': {}}
INFO     analysis.analysis_agent:analysis_agent.py:150 Generating SQL for table test_table with params: {
  "metrics": [
    "revenue"
  ],
  "dimensions": [
    "product"
  ],
  "time_range": {
    "start": "2024-01-01",
    "end": "2024-01-31"
  },
  "filters": {},
  "sort": {}
}
DEBUG    analysis.analysis_agent:analysis_agent.py:154 Retrieved schema: [
  {
    "column_name": "date",
    "data_type": "timestamp"
  },
  {
    "column_name": "product",
    "data_type": "varchar"
  },
  {
    "column_name": "revenue",
    "data_type": "numeric"
  }
]
DEBUG    analysis.analysis_agent:analysis_agent.py:26 
========================================================================================================================
SQL PROMPT TO MODEL:
========================================================================================================================
Generate a PostgreSQL SELECT query based on the following parameters:

Query Parameters: {
  "metrics": [
    "revenue"
  ],
  "dimensions": [
    "product"
  ],
  "time_range": {
    "start": "2024-01-01",
    "end": "2024-01-31"
  },
  "filters": {},
  "sort": {}
}
Table Schema: [
  {
    "column_name": "date",
    "data_type": "timestamp"
  },
  {
    "column_name": "product",
    "data_type": "varchar"
  },
  {
    "column_name": "revenue",
    "data_type": "numeric"
  }
]

Requirements:
1. Start with SELECT and specify exact columns needed
2. Include appropriate aggregations (SUM, AVG, etc.) for metrics
3. Add GROUP BY for any dimensions
4. Include WHERE clause for time range and filters
5. Add ORDER BY for sorting

Your response MUST be wrapped in <sql></sql> tags.
Return ONLY the SQL query within the tags, no other text.

Example:
<sql>
SELECT 
    product,
    category,
    SUM(revenue) as total_revenue,
    COUNT(*) as count
FROM sales
WHERE date BETWEEN '2024-01-01' AND '2024-03-31'
GROUP BY product, category
ORDER BY total_revenue DESC;
</sql>

Return ONLY your SQL query between <sql></sql> tags with no other text:
========================================================================================================================

DEBUG    analysis.analysis_agent:analysis_agent.py:166 Sending prompt to LLM...
DEBUG    httpcore.connection:_trace.py:45 connect_tcp.started host='127.0.0.1' port=11434 local_address=None timeout=None socket_options=None
DEBUG    httpcore.connection:_trace.py:45 connect_tcp.complete return_value=<httpcore._backends.sync.SyncStream object at 0x16e9017f0>
DEBUG    httpcore.http11:_trace.py:45 send_request_headers.started request=<Request [b'POST']>
DEBUG    httpcore.http11:_trace.py:45 send_request_headers.complete
DEBUG    httpcore.http11:_trace.py:45 send_request_body.started request=<Request [b'POST']>
DEBUG    httpcore.http11:_trace.py:45 send_request_body.complete
DEBUG    httpcore.http11:_trace.py:45 receive_response_headers.started request=<Request [b'POST']>
DEBUG    httpcore.http11:_trace.py:45 receive_response_headers.complete return_value=(b'HTTP/1.1', 200, b'OK', [(b'Content-Type', b'application/x-ndjson'), (b'Date', b'Tue, 28 Jan 2025 10:40:08 GMT'), (b'Transfer-Encoding', b'chunked')])
INFO     httpx:_client.py:1026 HTTP Request: POST http://127.0.0.1:11434/api/generate "HTTP/1.1 200 OK"
DEBUG    httpcore.http11:_trace.py:45 receive_response_body.started request=<Request [b'POST']>
DEBUG    httpcore.http11:_trace.py:45 receive_response_body.complete
DEBUG    httpcore.http11:_trace.py:45 response_closed.started
DEBUG    httpcore.http11:_trace.py:45 response_closed.complete
DEBUG    analysis.analysis_agent:analysis_agent.py:26 
========================================================================================================================
RAW SQL MODEL RESPONSE:
========================================================================================================================
{}

========================================================================================================================

DEBUG    analysis.analysis_agent:analysis_agent.py:26 
========================================================================================================================
EXTRACTING SQL FROM RESPONSE:
========================================================================================================================
{}

========================================================================================================================

ERROR    analysis.analysis_agent:analysis_agent.py:194 No <sql> tags found in response
DEBUG    analysis.analysis_agent:analysis_agent.py:26 
========================================================================================================================
PROCESSED RESPONSE (NO TAGS FOUND):
========================================================================================================================
{}

========================================================================================================================
---------------------------- Captured log teardown -----------------------------
INFO     tests.test_agents:test_agents.py:31 
========================================================================================================================

INFO     tests.test_agents:test_agents.py:41 Finished test: test_generate_sql
INFO     tests.test_agents:test_agents.py:31 
========================================================================================================================
____________________________ test_execute_analysis _____________________________
analysis/analysis_agent.py:218: in execute_analysis
    query_params = self.parse_user_query(user_query)
analysis/analysis_agent.py:119: in parse_user_query
    cleaned_response = self._extract_json_from_response(raw_response)
analysis/analysis_agent.py:142: in _extract_json_from_response
    raise Exception("No <o> tags found in response")
E   Exception: No <o> tags found in response

During handling of the above exception, another exception occurred:
tests/test_agents.py:112: in test_execute_analysis
    results = analysis_agent.execute_analysis(query, "test_table")
analysis/analysis_agent.py:236: in execute_analysis
    raise Exception(f"Analysis execution failed: {str(e)}")
E   Exception: Analysis execution failed: No <o> tags found in response
------------------------------ Captured log setup ------------------------------
INFO     tests.test_agents:test_agents.py:31 
========================================================================================================================

INFO     tests.test_agents:test_agents.py:37 Starting test: test_execute_analysis
INFO     tests.test_agents:test_agents.py:31 
========================================================================================================================

INFO     tests.test_agents:test_agents.py:67 Setting up mock database
DEBUG    tests.test_agents:test_agents.py:74 Mock database schema configured
INFO     tests.test_agents:test_agents.py:47 Initializing OllamaLLM for testing
DEBUG    httpx:_config.py:80 load_ssl_context verify=True cert=None trust_env=True http2=False
DEBUG    httpx:_config.py:146 load_verify_locations cafile='/opt/anaconda3/lib/python3.12/site-packages/certifi/cacert.pem'
DEBUG    httpx:_config.py:80 load_ssl_context verify=True cert=None trust_env=True http2=False
DEBUG    httpx:_config.py:146 load_verify_locations cafile='/opt/anaconda3/lib/python3.12/site-packages/certifi/cacert.pem'
INFO     analysis.analysis_agent:analysis_agent.py:34 Initializing AnalysisAgent
INFO     analysis.analysis_agent:analysis_agent.py:98 Successfully initialized all components
------------------------------ Captured log call -------------------------------
INFO     analysis.analysis_agent:analysis_agent.py:213 Starting analysis for query: What was the total revenue? on table: test_table
DEBUG    analysis.analysis_agent:analysis_agent.py:217 Step 1: Parsing user query
INFO     analysis.analysis_agent:analysis_agent.py:102 Parsing user query: What was the total revenue?
DEBUG    analysis.analysis_agent:analysis_agent.py:26 
========================================================================================================================
PROMPT TO MODEL:
========================================================================================================================
<system>You are a query parser that converts natural language queries into structured JSON format.

CRITICAL: Your response MUST follow this EXACT format:
<o>
{
    "metrics": [...],
    "dimensions": [...],
    "time_range": {...},
    "filters": {...},
    "sort": {...}
}
</o>

Rules:
1. The <o> and </o> tags are MANDATORY - responses without these tags will cause ERRORS
2. Between these tags, output ONLY valid JSON
3. No other text, explanations, or formatting is allowed
4. All JSON must use double quotes for keys and string values
5. All field names must be lowercase
6. Dates must use ISO format YYYY-MM-DD
7. Arrays must use square brackets []
8. Objects must use curly braces {}
9. Empty fields must use appropriate empty structures ([] for arrays, {} for objects)
</system>

<user>Parse this query into a structured JSON format: "What was the total revenue?"

Remember: Your response MUST start with <o> and end with </o></user>

<assistant>Here are some examples of correctly formatted responses:

Query: "Show me revenue and units by product for Q1 2024"
<o>
{
    "metrics": ["revenue", "units"],
    "time_range": {
        "start": "2024-01-01",
        "end": "2024-03-31"
    },
    "dimensions": ["product"],
    "filters": {},
    "sort": {}
}
</o>

Query: "What were our top 5 categories by revenue last month with sales over $1000?"
<o>
{
    "metrics": ["revenue"],
    "time_range": {
        "start": "2024-02-01",
        "end": "2024-02-29"
    },
    "dimensions": ["category"],
    "filters": {
        "revenue": ">=1000"
    },
    "sort": {
        "revenue": "desc"
    },
    "limit": 5
}
</o>

Now parse the given query and return ONLY your JSON response between <o></o> tags:</assistant>

<user>Return your response now, following the format exactly. Remember to wrap your response in <o></o> tags:</user>
========================================================================================================================

DEBUG    analysis.analysis_agent:analysis_agent.py:109 Sending prompt to LLM...
DEBUG    httpcore.connection:_trace.py:45 connect_tcp.started host='127.0.0.1' port=11434 local_address=None timeout=None socket_options=None
DEBUG    httpcore.connection:_trace.py:45 connect_tcp.complete return_value=<httpcore._backends.sync.SyncStream object at 0x16e901b80>
DEBUG    httpcore.http11:_trace.py:45 send_request_headers.started request=<Request [b'POST']>
DEBUG    httpcore.http11:_trace.py:45 send_request_headers.complete
DEBUG    httpcore.http11:_trace.py:45 send_request_body.started request=<Request [b'POST']>
DEBUG    httpcore.http11:_trace.py:45 send_request_body.complete
DEBUG    httpcore.http11:_trace.py:45 receive_response_headers.started request=<Request [b'POST']>
DEBUG    httpcore.http11:_trace.py:45 receive_response_headers.complete return_value=(b'HTTP/1.1', 200, b'OK', [(b'Content-Type', b'application/x-ndjson'), (b'Date', b'Tue, 28 Jan 2025 10:40:12 GMT'), (b'Transfer-Encoding', b'chunked')])
INFO     httpx:_client.py:1026 HTTP Request: POST http://127.0.0.1:11434/api/generate "HTTP/1.1 200 OK"
DEBUG    httpcore.http11:_trace.py:45 receive_response_body.started request=<Request [b'POST']>
DEBUG    httpcore.http11:_trace.py:45 receive_response_body.complete
DEBUG    httpcore.http11:_trace.py:45 response_closed.started
DEBUG    httpcore.http11:_trace.py:45 response_closed.complete
DEBUG    analysis.analysis_agent:analysis_agent.py:26 
========================================================================================================================
RAW MODEL RESPONSE:
========================================================================================================================
{
    "metrics": ["total_revenue"],
    "dimensions": [],
    "time_range": {},
    "filters": {},
    "sort": {}
}

  
  										
 									

 	



 	





 

 
 	




 

 

 

 

 

 

 

 

 

 

 

 

 


========================================================================================================================

DEBUG    analysis.analysis_agent:analysis_agent.py:26 
========================================================================================================================
EXTRACTING JSON FROM RESPONSE:
========================================================================================================================
{
    "metrics": ["total_revenue"],
    "dimensions": [],
    "time_range": {},
    "filters": {},
    "sort": {}
}

  
  										
 									

 	



 	





 

 
 	




 

 

 

 

 

 

 

 

 

 

 

 

 


========================================================================================================================

ERROR    analysis.analysis_agent:analysis_agent.py:140 No <o> tags found in response
DEBUG    analysis.analysis_agent:analysis_agent.py:26 
========================================================================================================================
PROCESSED RESPONSE (NO TAGS FOUND):
========================================================================================================================
{
    "metrics": ["total_revenue"],
    "dimensions": [],
    "time_range": {},
    "filters": {},
    "sort": {}
}

  
  										
 									

 	



 	





 

 
 	




 

 

 

 

 

 

 

 

 

 

 

 

 


========================================================================================================================

ERROR    analysis.analysis_agent:analysis_agent.py:235 Analysis execution failed: No <o> tags found in response
---------------------------- Captured log teardown -----------------------------
INFO     tests.test_agents:test_agents.py:31 
========================================================================================================================

INFO     tests.test_agents:test_agents.py:41 Finished test: test_execute_analysis
INFO     tests.test_agents:test_agents.py:31 
========================================================================================================================
___ test_query_understanding[What was the total revenue?-expected_metrics0] ____
tests/test_agents.py:148: in test_query_understanding
    result = analysis_agent.parse_user_query(query)
analysis/analysis_agent.py:119: in parse_user_query
    cleaned_response = self._extract_json_from_response(raw_response)
analysis/analysis_agent.py:142: in _extract_json_from_response
    raise Exception("No <o> tags found in response")
E   Exception: No <o> tags found in response
------------------------------ Captured log setup ------------------------------
INFO     tests.test_agents:test_agents.py:31 
========================================================================================================================

INFO     tests.test_agents:test_agents.py:37 Starting test: test_query_understanding[What was the total revenue?-expected_metrics0]
INFO     tests.test_agents:test_agents.py:31 
========================================================================================================================

INFO     tests.test_agents:test_agents.py:67 Setting up mock database
DEBUG    tests.test_agents:test_agents.py:74 Mock database schema configured
INFO     tests.test_agents:test_agents.py:47 Initializing OllamaLLM for testing
DEBUG    httpx:_config.py:80 load_ssl_context verify=True cert=None trust_env=True http2=False
DEBUG    httpx:_config.py:146 load_verify_locations cafile='/opt/anaconda3/lib/python3.12/site-packages/certifi/cacert.pem'
DEBUG    httpx:_config.py:80 load_ssl_context verify=True cert=None trust_env=True http2=False
DEBUG    httpx:_config.py:146 load_verify_locations cafile='/opt/anaconda3/lib/python3.12/site-packages/certifi/cacert.pem'
INFO     analysis.analysis_agent:analysis_agent.py:34 Initializing AnalysisAgent
INFO     analysis.analysis_agent:analysis_agent.py:98 Successfully initialized all components
------------------------------ Captured log call -------------------------------
INFO     analysis.analysis_agent:analysis_agent.py:102 Parsing user query: What was the total revenue?
DEBUG    analysis.analysis_agent:analysis_agent.py:26 
========================================================================================================================
PROMPT TO MODEL:
========================================================================================================================
<system>You are a query parser that converts natural language queries into structured JSON format.

CRITICAL: Your response MUST follow this EXACT format:
<o>
{
    "metrics": [...],
    "dimensions": [...],
    "time_range": {...},
    "filters": {...},
    "sort": {...}
}
</o>

Rules:
1. The <o> and </o> tags are MANDATORY - responses without these tags will cause ERRORS
2. Between these tags, output ONLY valid JSON
3. No other text, explanations, or formatting is allowed
4. All JSON must use double quotes for keys and string values
5. All field names must be lowercase
6. Dates must use ISO format YYYY-MM-DD
7. Arrays must use square brackets []
8. Objects must use curly braces {}
9. Empty fields must use appropriate empty structures ([] for arrays, {} for objects)
</system>

<user>Parse this query into a structured JSON format: "What was the total revenue?"

Remember: Your response MUST start with <o> and end with </o></user>

<assistant>Here are some examples of correctly formatted responses:

Query: "Show me revenue and units by product for Q1 2024"
<o>
{
    "metrics": ["revenue", "units"],
    "time_range": {
        "start": "2024-01-01",
        "end": "2024-03-31"
    },
    "dimensions": ["product"],
    "filters": {},
    "sort": {}
}
</o>

Query: "What were our top 5 categories by revenue last month with sales over $1000?"
<o>
{
    "metrics": ["revenue"],
    "time_range": {
        "start": "2024-02-01",
        "end": "2024-02-29"
    },
    "dimensions": ["category"],
    "filters": {
        "revenue": ">=1000"
    },
    "sort": {
        "revenue": "desc"
    },
    "limit": 5
}
</o>

Now parse the given query and return ONLY your JSON response between <o></o> tags:</assistant>

<user>Return your response now, following the format exactly. Remember to wrap your response in <o></o> tags:</user>
========================================================================================================================

DEBUG    analysis.analysis_agent:analysis_agent.py:109 Sending prompt to LLM...
DEBUG    httpcore.connection:_trace.py:45 connect_tcp.started host='127.0.0.1' port=11434 local_address=None timeout=None socket_options=None
DEBUG    httpcore.connection:_trace.py:45 connect_tcp.complete return_value=<httpcore._backends.sync.SyncStream object at 0x16e902900>
DEBUG    httpcore.http11:_trace.py:45 send_request_headers.started request=<Request [b'POST']>
DEBUG    httpcore.http11:_trace.py:45 send_request_headers.complete
DEBUG    httpcore.http11:_trace.py:45 send_request_body.started request=<Request [b'POST']>
DEBUG    httpcore.http11:_trace.py:45 send_request_body.complete
DEBUG    httpcore.http11:_trace.py:45 receive_response_headers.started request=<Request [b'POST']>
DEBUG    httpcore.http11:_trace.py:45 receive_response_headers.complete return_value=(b'HTTP/1.1', 200, b'OK', [(b'Content-Type', b'application/x-ndjson'), (b'Date', b'Tue, 28 Jan 2025 10:40:19 GMT'), (b'Transfer-Encoding', b'chunked')])
INFO     httpx:_client.py:1026 HTTP Request: POST http://127.0.0.1:11434/api/generate "HTTP/1.1 200 OK"
DEBUG    httpcore.http11:_trace.py:45 receive_response_body.started request=<Request [b'POST']>
DEBUG    httpcore.http11:_trace.py:45 receive_response_body.complete
DEBUG    httpcore.http11:_trace.py:45 response_closed.started
DEBUG    httpcore.http11:_trace.py:45 response_closed.complete
DEBUG    analysis.analysis_agent:analysis_agent.py:26 
========================================================================================================================
RAW MODEL RESPONSE:
========================================================================================================================
{
    "metrics": ["total_revenue"],
    "dimensions": [],
    "time_range": {},
    "filters": {},
    "sort": {}
}

  
  										
 									

 	



 	





 

 
 	




 

 

 

 

 

 

 

 

 

 

 

 

 


========================================================================================================================

DEBUG    analysis.analysis_agent:analysis_agent.py:26 
========================================================================================================================
EXTRACTING JSON FROM RESPONSE:
========================================================================================================================
{
    "metrics": ["total_revenue"],
    "dimensions": [],
    "time_range": {},
    "filters": {},
    "sort": {}
}

  
  										
 									

 	



 	





 

 
 	




 

 

 

 

 

 

 

 

 

 

 

 

 


========================================================================================================================

ERROR    analysis.analysis_agent:analysis_agent.py:140 No <o> tags found in response
DEBUG    analysis.analysis_agent:analysis_agent.py:26 
========================================================================================================================
PROCESSED RESPONSE (NO TAGS FOUND):
========================================================================================================================
{
    "metrics": ["total_revenue"],
    "dimensions": [],
    "time_range": {},
    "filters": {},
    "sort": {}
}

  
  										
 									

 	



 	





 

 
 	




 

 

 

 

 

 

 

 

 

 

 

 

 


========================================================================================================================
---------------------------- Captured log teardown -----------------------------
INFO     tests.test_agents:test_agents.py:31 
========================================================================================================================

INFO     tests.test_agents:test_agents.py:41 Finished test: test_query_understanding[What was the total revenue?-expected_metrics0]
INFO     tests.test_agents:test_agents.py:31 
========================================================================================================================
_ test_query_understanding[How many units were sold by product?-expected_metrics1] _
tests/test_agents.py:148: in test_query_understanding
    result = analysis_agent.parse_user_query(query)
analysis/analysis_agent.py:119: in parse_user_query
    cleaned_response = self._extract_json_from_response(raw_response)
analysis/analysis_agent.py:142: in _extract_json_from_response
    raise Exception("No <o> tags found in response")
E   Exception: No <o> tags found in response
------------------------------ Captured log setup ------------------------------
INFO     tests.test_agents:test_agents.py:31 
========================================================================================================================

INFO     tests.test_agents:test_agents.py:37 Starting test: test_query_understanding[How many units were sold by product?-expected_metrics1]
INFO     tests.test_agents:test_agents.py:31 
========================================================================================================================

INFO     tests.test_agents:test_agents.py:67 Setting up mock database
DEBUG    tests.test_agents:test_agents.py:74 Mock database schema configured
INFO     tests.test_agents:test_agents.py:47 Initializing OllamaLLM for testing
DEBUG    httpx:_config.py:80 load_ssl_context verify=True cert=None trust_env=True http2=False
DEBUG    httpx:_config.py:146 load_verify_locations cafile='/opt/anaconda3/lib/python3.12/site-packages/certifi/cacert.pem'
DEBUG    httpx:_config.py:80 load_ssl_context verify=True cert=None trust_env=True http2=False
DEBUG    httpx:_config.py:146 load_verify_locations cafile='/opt/anaconda3/lib/python3.12/site-packages/certifi/cacert.pem'
INFO     analysis.analysis_agent:analysis_agent.py:34 Initializing AnalysisAgent
INFO     analysis.analysis_agent:analysis_agent.py:98 Successfully initialized all components
------------------------------ Captured log call -------------------------------
INFO     analysis.analysis_agent:analysis_agent.py:102 Parsing user query: How many units were sold by product?
DEBUG    analysis.analysis_agent:analysis_agent.py:26 
========================================================================================================================
PROMPT TO MODEL:
========================================================================================================================
<system>You are a query parser that converts natural language queries into structured JSON format.

CRITICAL: Your response MUST follow this EXACT format:
<o>
{
    "metrics": [...],
    "dimensions": [...],
    "time_range": {...},
    "filters": {...},
    "sort": {...}
}
</o>

Rules:
1. The <o> and </o> tags are MANDATORY - responses without these tags will cause ERRORS
2. Between these tags, output ONLY valid JSON
3. No other text, explanations, or formatting is allowed
4. All JSON must use double quotes for keys and string values
5. All field names must be lowercase
6. Dates must use ISO format YYYY-MM-DD
7. Arrays must use square brackets []
8. Objects must use curly braces {}
9. Empty fields must use appropriate empty structures ([] for arrays, {} for objects)
</system>

<user>Parse this query into a structured JSON format: "How many units were sold by product?"

Remember: Your response MUST start with <o> and end with </o></user>

<assistant>Here are some examples of correctly formatted responses:

Query: "Show me revenue and units by product for Q1 2024"
<o>
{
    "metrics": ["revenue", "units"],
    "time_range": {
        "start": "2024-01-01",
        "end": "2024-03-31"
    },
    "dimensions": ["product"],
    "filters": {},
    "sort": {}
}
</o>

Query: "What were our top 5 categories by revenue last month with sales over $1000?"
<o>
{
    "metrics": ["revenue"],
    "time_range": {
        "start": "2024-02-01",
        "end": "2024-02-29"
    },
    "dimensions": ["category"],
    "filters": {
        "revenue": ">=1000"
    },
    "sort": {
        "revenue": "desc"
    },
    "limit": 5
}
</o>

Now parse the given query and return ONLY your JSON response between <o></o> tags:</assistant>

<user>Return your response now, following the format exactly. Remember to wrap your response in <o></o> tags:</user>
========================================================================================================================

DEBUG    analysis.analysis_agent:analysis_agent.py:109 Sending prompt to LLM...
DEBUG    httpcore.connection:_trace.py:45 connect_tcp.started host='127.0.0.1' port=11434 local_address=None timeout=None socket_options=None
DEBUG    httpcore.connection:_trace.py:45 connect_tcp.complete return_value=<httpcore._backends.sync.SyncStream object at 0x16e998440>
DEBUG    httpcore.http11:_trace.py:45 send_request_headers.started request=<Request [b'POST']>
DEBUG    httpcore.http11:_trace.py:45 send_request_headers.complete
DEBUG    httpcore.http11:_trace.py:45 send_request_body.started request=<Request [b'POST']>
DEBUG    httpcore.http11:_trace.py:45 send_request_body.complete
DEBUG    httpcore.http11:_trace.py:45 receive_response_headers.started request=<Request [b'POST']>
DEBUG    httpcore.http11:_trace.py:45 receive_response_headers.complete return_value=(b'HTTP/1.1', 200, b'OK', [(b'Content-Type', b'application/x-ndjson'), (b'Date', b'Tue, 28 Jan 2025 10:40:30 GMT'), (b'Transfer-Encoding', b'chunked')])
INFO     httpx:_client.py:1026 HTTP Request: POST http://127.0.0.1:11434/api/generate "HTTP/1.1 200 OK"
DEBUG    httpcore.http11:_trace.py:45 receive_response_body.started request=<Request [b'POST']>
DEBUG    httpcore.http11:_trace.py:45 receive_response_body.complete
DEBUG    httpcore.http11:_trace.py:45 response_closed.started
DEBUG    httpcore.http11:_trace.py:45 response_closed.complete
DEBUG    analysis.analysis_agent:analysis_agent.py:26 
========================================================================================================================
RAW MODEL RESPONSE:
========================================================================================================================
{
    "metrics": ["units"],
    "dimensions": ["product"]
}

========================================================================================================================

DEBUG    analysis.analysis_agent:analysis_agent.py:26 
========================================================================================================================
EXTRACTING JSON FROM RESPONSE:
========================================================================================================================
{
    "metrics": ["units"],
    "dimensions": ["product"]
}

========================================================================================================================

ERROR    analysis.analysis_agent:analysis_agent.py:140 No <o> tags found in response
DEBUG    analysis.analysis_agent:analysis_agent.py:26 
========================================================================================================================
PROCESSED RESPONSE (NO TAGS FOUND):
========================================================================================================================
{
    "metrics": ["units"],
    "dimensions": ["product"]
}

========================================================================================================================
---------------------------- Captured log teardown -----------------------------
INFO     tests.test_agents:test_agents.py:31 
========================================================================================================================

INFO     tests.test_agents:test_agents.py:41 Finished test: test_query_understanding[How many units were sold by product?-expected_metrics1]
INFO     tests.test_agents:test_agents.py:31 
========================================================================================================================
_ test_query_understanding[What's the average price by category?-expected_metrics2] _
tests/test_agents.py:148: in test_query_understanding
    result = analysis_agent.parse_user_query(query)
analysis/analysis_agent.py:119: in parse_user_query
    cleaned_response = self._extract_json_from_response(raw_response)
analysis/analysis_agent.py:142: in _extract_json_from_response
    raise Exception("No <o> tags found in response")
E   Exception: No <o> tags found in response
------------------------------ Captured log setup ------------------------------
INFO     tests.test_agents:test_agents.py:31 
========================================================================================================================

INFO     tests.test_agents:test_agents.py:37 Starting test: test_query_understanding[What's the average price by category?-expected_metrics2]
INFO     tests.test_agents:test_agents.py:31 
========================================================================================================================

INFO     tests.test_agents:test_agents.py:67 Setting up mock database
DEBUG    tests.test_agents:test_agents.py:74 Mock database schema configured
INFO     tests.test_agents:test_agents.py:47 Initializing OllamaLLM for testing
DEBUG    httpx:_config.py:80 load_ssl_context verify=True cert=None trust_env=True http2=False
DEBUG    httpx:_config.py:146 load_verify_locations cafile='/opt/anaconda3/lib/python3.12/site-packages/certifi/cacert.pem'
DEBUG    httpx:_config.py:80 load_ssl_context verify=True cert=None trust_env=True http2=False
DEBUG    httpx:_config.py:146 load_verify_locations cafile='/opt/anaconda3/lib/python3.12/site-packages/certifi/cacert.pem'
INFO     analysis.analysis_agent:analysis_agent.py:34 Initializing AnalysisAgent
INFO     analysis.analysis_agent:analysis_agent.py:98 Successfully initialized all components
------------------------------ Captured log call -------------------------------
INFO     analysis.analysis_agent:analysis_agent.py:102 Parsing user query: What's the average price by category?
DEBUG    analysis.analysis_agent:analysis_agent.py:26 
========================================================================================================================
PROMPT TO MODEL:
========================================================================================================================
<system>You are a query parser that converts natural language queries into structured JSON format.

CRITICAL: Your response MUST follow this EXACT format:
<o>
{
    "metrics": [...],
    "dimensions": [...],
    "time_range": {...},
    "filters": {...},
    "sort": {...}
}
</o>

Rules:
1. The <o> and </o> tags are MANDATORY - responses without these tags will cause ERRORS
2. Between these tags, output ONLY valid JSON
3. No other text, explanations, or formatting is allowed
4. All JSON must use double quotes for keys and string values
5. All field names must be lowercase
6. Dates must use ISO format YYYY-MM-DD
7. Arrays must use square brackets []
8. Objects must use curly braces {}
9. Empty fields must use appropriate empty structures ([] for arrays, {} for objects)
</system>

<user>Parse this query into a structured JSON format: "What's the average price by category?"

Remember: Your response MUST start with <o> and end with </o></user>

<assistant>Here are some examples of correctly formatted responses:

Query: "Show me revenue and units by product for Q1 2024"
<o>
{
    "metrics": ["revenue", "units"],
    "time_range": {
        "start": "2024-01-01",
        "end": "2024-03-31"
    },
    "dimensions": ["product"],
    "filters": {},
    "sort": {}
}
</o>

Query: "What were our top 5 categories by revenue last month with sales over $1000?"
<o>
{
    "metrics": ["revenue"],
    "time_range": {
        "start": "2024-02-01",
        "end": "2024-02-29"
    },
    "dimensions": ["category"],
    "filters": {
        "revenue": ">=1000"
    },
    "sort": {
        "revenue": "desc"
    },
    "limit": 5
}
</o>

Now parse the given query and return ONLY your JSON response between <o></o> tags:</assistant>

<user>Return your response now, following the format exactly. Remember to wrap your response in <o></o> tags:</user>
========================================================================================================================

DEBUG    analysis.analysis_agent:analysis_agent.py:109 Sending prompt to LLM...
DEBUG    httpcore.connection:_trace.py:45 connect_tcp.started host='127.0.0.1' port=11434 local_address=None timeout=None socket_options=None
DEBUG    httpcore.connection:_trace.py:45 connect_tcp.complete return_value=<httpcore._backends.sync.SyncStream object at 0x16e999730>
DEBUG    httpcore.http11:_trace.py:45 send_request_headers.started request=<Request [b'POST']>
DEBUG    httpcore.http11:_trace.py:45 send_request_headers.complete
DEBUG    httpcore.http11:_trace.py:45 send_request_body.started request=<Request [b'POST']>
DEBUG    httpcore.http11:_trace.py:45 send_request_body.complete
DEBUG    httpcore.http11:_trace.py:45 receive_response_headers.started request=<Request [b'POST']>
DEBUG    httpcore.http11:_trace.py:45 receive_response_headers.complete return_value=(b'HTTP/1.1', 200, b'OK', [(b'Content-Type', b'application/x-ndjson'), (b'Date', b'Tue, 28 Jan 2025 10:40:36 GMT'), (b'Transfer-Encoding', b'chunked')])
INFO     httpx:_client.py:1026 HTTP Request: POST http://127.0.0.1:11434/api/generate "HTTP/1.1 200 OK"
DEBUG    httpcore.http11:_trace.py:45 receive_response_body.started request=<Request [b'POST']>
DEBUG    httpcore.http11:_trace.py:45 receive_response_body.complete
DEBUG    httpcore.http11:_trace.py:45 response_closed.started
DEBUG    httpcore.http11:_trace.py:45 response_closed.complete
DEBUG    analysis.analysis_agent:analysis_agent.py:26 
========================================================================================================================
RAW MODEL RESPONSE:
========================================================================================================================
{
    "metrics": ["average price"],
    "dimensions": ["category"]
}

========================================================================================================================

DEBUG    analysis.analysis_agent:analysis_agent.py:26 
========================================================================================================================
EXTRACTING JSON FROM RESPONSE:
========================================================================================================================
{
    "metrics": ["average price"],
    "dimensions": ["category"]
}

========================================================================================================================

ERROR    analysis.analysis_agent:analysis_agent.py:140 No <o> tags found in response
DEBUG    analysis.analysis_agent:analysis_agent.py:26 
========================================================================================================================
PROCESSED RESPONSE (NO TAGS FOUND):
========================================================================================================================
{
    "metrics": ["average price"],
    "dimensions": ["category"]
}

========================================================================================================================
---------------------------- Captured log teardown -----------------------------
INFO     tests.test_agents:test_agents.py:31 
========================================================================================================================

INFO     tests.test_agents:test_agents.py:41 Finished test: test_query_understanding[What's the average price by category?-expected_metrics2]
INFO     tests.test_agents:test_agents.py:31 
========================================================================================================================
___________________________ test_end_to_end_analysis ___________________________
analysis/analysis_agent.py:218: in execute_analysis
    query_params = self.parse_user_query(user_query)
analysis/analysis_agent.py:119: in parse_user_query
    cleaned_response = self._extract_json_from_response(raw_response)
analysis/analysis_agent.py:142: in _extract_json_from_response
    raise Exception("No <o> tags found in response")
E   Exception: No <o> tags found in response

During handling of the above exception, another exception occurred:
tests/test_agents.py:207: in test_end_to_end_analysis
    result = analysis_agent.execute_analysis(query, "test_sales")
analysis/analysis_agent.py:236: in execute_analysis
    raise Exception(f"Analysis execution failed: {str(e)}")
E   Exception: Analysis execution failed: No <o> tags found in response
------------------------------ Captured log setup ------------------------------
INFO     tests.test_agents:test_agents.py:31 
========================================================================================================================

INFO     tests.test_agents:test_agents.py:37 Starting test: test_end_to_end_analysis
INFO     tests.test_agents:test_agents.py:31 
========================================================================================================================

INFO     tests.test_agents:test_agents.py:67 Setting up mock database
DEBUG    tests.test_agents:test_agents.py:74 Mock database schema configured
INFO     tests.test_agents:test_agents.py:47 Initializing OllamaLLM for testing
DEBUG    httpx:_config.py:80 load_ssl_context verify=True cert=None trust_env=True http2=False
DEBUG    httpx:_config.py:146 load_verify_locations cafile='/opt/anaconda3/lib/python3.12/site-packages/certifi/cacert.pem'
DEBUG    httpx:_config.py:80 load_ssl_context verify=True cert=None trust_env=True http2=False
DEBUG    httpx:_config.py:146 load_verify_locations cafile='/opt/anaconda3/lib/python3.12/site-packages/certifi/cacert.pem'
INFO     analysis.analysis_agent:analysis_agent.py:34 Initializing AnalysisAgent
INFO     analysis.analysis_agent:analysis_agent.py:98 Successfully initialized all components
------------------------------ Captured log call -------------------------------
INFO     analysis.analysis_agent:analysis_agent.py:213 Starting analysis for query: What is the total revenue by category this year? on table: test_sales
DEBUG    analysis.analysis_agent:analysis_agent.py:217 Step 1: Parsing user query
INFO     analysis.analysis_agent:analysis_agent.py:102 Parsing user query: What is the total revenue by category this year?
DEBUG    analysis.analysis_agent:analysis_agent.py:26 
========================================================================================================================
PROMPT TO MODEL:
========================================================================================================================
<system>You are a query parser that converts natural language queries into structured JSON format.

CRITICAL: Your response MUST follow this EXACT format:
<o>
{
    "metrics": [...],
    "dimensions": [...],
    "time_range": {...},
    "filters": {...},
    "sort": {...}
}
</o>

Rules:
1. The <o> and </o> tags are MANDATORY - responses without these tags will cause ERRORS
2. Between these tags, output ONLY valid JSON
3. No other text, explanations, or formatting is allowed
4. All JSON must use double quotes for keys and string values
5. All field names must be lowercase
6. Dates must use ISO format YYYY-MM-DD
7. Arrays must use square brackets []
8. Objects must use curly braces {}
9. Empty fields must use appropriate empty structures ([] for arrays, {} for objects)
</system>

<user>Parse this query into a structured JSON format: "What is the total revenue by category this year?"

Remember: Your response MUST start with <o> and end with </o></user>

<assistant>Here are some examples of correctly formatted responses:

Query: "Show me revenue and units by product for Q1 2024"
<o>
{
    "metrics": ["revenue", "units"],
    "time_range": {
        "start": "2024-01-01",
        "end": "2024-03-31"
    },
    "dimensions": ["product"],
    "filters": {},
    "sort": {}
}
</o>

Query: "What were our top 5 categories by revenue last month with sales over $1000?"
<o>
{
    "metrics": ["revenue"],
    "time_range": {
        "start": "2024-02-01",
        "end": "2024-02-29"
    },
    "dimensions": ["category"],
    "filters": {
        "revenue": ">=1000"
    },
    "sort": {
        "revenue": "desc"
    },
    "limit": 5
}
</o>

Now parse the given query and return ONLY your JSON response between <o></o> tags:</assistant>

<user>Return your response now, following the format exactly. Remember to wrap your response in <o></o> tags:</user>
========================================================================================================================

DEBUG    analysis.analysis_agent:analysis_agent.py:109 Sending prompt to LLM...
DEBUG    httpcore.connection:_trace.py:45 connect_tcp.started host='127.0.0.1' port=11434 local_address=None timeout=None socket_options=None
DEBUG    httpcore.connection:_trace.py:45 connect_tcp.complete return_value=<httpcore._backends.sync.SyncStream object at 0x16e989070>
DEBUG    httpcore.http11:_trace.py:45 send_request_headers.started request=<Request [b'POST']>
DEBUG    httpcore.http11:_trace.py:45 send_request_headers.complete
DEBUG    httpcore.http11:_trace.py:45 send_request_body.started request=<Request [b'POST']>
DEBUG    httpcore.http11:_trace.py:45 send_request_body.complete
DEBUG    httpcore.http11:_trace.py:45 receive_response_headers.started request=<Request [b'POST']>
DEBUG    httpcore.http11:_trace.py:45 receive_response_headers.complete return_value=(b'HTTP/1.1', 200, b'OK', [(b'Content-Type', b'application/x-ndjson'), (b'Date', b'Tue, 28 Jan 2025 10:40:55 GMT'), (b'Transfer-Encoding', b'chunked')])
INFO     httpx:_client.py:1026 HTTP Request: POST http://127.0.0.1:11434/api/generate "HTTP/1.1 200 OK"
DEBUG    httpcore.http11:_trace.py:45 receive_response_body.started request=<Request [b'POST']>
DEBUG    httpcore.http11:_trace.py:45 receive_response_body.complete
DEBUG    httpcore.http11:_trace.py:45 response_closed.started
DEBUG    httpcore.http11:_trace.py:45 response_closed.complete
DEBUG    analysis.analysis_agent:analysis_agent.py:26 
========================================================================================================================
RAW MODEL RESPONSE:
========================================================================================================================
{
    "metrics": ["total_revenue"],
    "dimensions": ["category"],
    "time_range": {
        "start": "2024-01-01",
        "end": "2024-12-31"
    },
    "filters": {},
    "sort": {}
}
========================================================================================================================

DEBUG    analysis.analysis_agent:analysis_agent.py:26 
========================================================================================================================
EXTRACTING JSON FROM RESPONSE:
========================================================================================================================
{
    "metrics": ["total_revenue"],
    "dimensions": ["category"],
    "time_range": {
        "start": "2024-01-01",
        "end": "2024-12-31"
    },
    "filters": {},
    "sort": {}
}
========================================================================================================================

ERROR    analysis.analysis_agent:analysis_agent.py:140 No <o> tags found in response
DEBUG    analysis.analysis_agent:analysis_agent.py:26 
========================================================================================================================
PROCESSED RESPONSE (NO TAGS FOUND):
========================================================================================================================
{
    "metrics": ["total_revenue"],
    "dimensions": ["category"],
    "time_range": {
        "start": "2024-01-01",
        "end": "2024-12-31"
    },
    "filters": {},
    "sort": {}
}
========================================================================================================================

ERROR    analysis.analysis_agent:analysis_agent.py:235 Analysis execution failed: No <o> tags found in response
---------------------------- Captured log teardown -----------------------------
INFO     tests.test_agents:test_agents.py:31 
========================================================================================================================

INFO     tests.test_agents:test_agents.py:41 Finished test: test_end_to_end_analysis
INFO     tests.test_agents:test_agents.py:31 
========================================================================================================================
_ test_model_output_formatting[Show me total revenue by product for last month-expected_format0] _
tests/test_agents.py:261: in test_model_output_formatting
    result = analysis_agent.parse_user_query(query)
analysis/analysis_agent.py:119: in parse_user_query
    cleaned_response = self._extract_json_from_response(raw_response)
analysis/analysis_agent.py:142: in _extract_json_from_response
    raise Exception("No <o> tags found in response")
E   Exception: No <o> tags found in response
------------------------------ Captured log setup ------------------------------
INFO     tests.test_agents:test_agents.py:31 
========================================================================================================================

INFO     tests.test_agents:test_agents.py:37 Starting test: test_model_output_formatting[Show me total revenue by product for last month-expected_format0]
INFO     tests.test_agents:test_agents.py:31 
========================================================================================================================

INFO     tests.test_agents:test_agents.py:67 Setting up mock database
DEBUG    tests.test_agents:test_agents.py:74 Mock database schema configured
INFO     tests.test_agents:test_agents.py:47 Initializing OllamaLLM for testing
DEBUG    httpx:_config.py:80 load_ssl_context verify=True cert=None trust_env=True http2=False
DEBUG    httpx:_config.py:146 load_verify_locations cafile='/opt/anaconda3/lib/python3.12/site-packages/certifi/cacert.pem'
DEBUG    httpx:_config.py:80 load_ssl_context verify=True cert=None trust_env=True http2=False
DEBUG    httpx:_config.py:146 load_verify_locations cafile='/opt/anaconda3/lib/python3.12/site-packages/certifi/cacert.pem'
INFO     analysis.analysis_agent:analysis_agent.py:34 Initializing AnalysisAgent
INFO     analysis.analysis_agent:analysis_agent.py:98 Successfully initialized all components
------------------------------ Captured log call -------------------------------
INFO     tests.test_agents:test_agents.py:256 Testing model output formatting for query: Show me total revenue by product for last month
INFO     analysis.analysis_agent:analysis_agent.py:102 Parsing user query: Show me total revenue by product for last month
DEBUG    analysis.analysis_agent:analysis_agent.py:26 
========================================================================================================================
PROMPT TO MODEL:
========================================================================================================================
<system>You are a query parser that converts natural language queries into structured JSON format.

CRITICAL: Your response MUST follow this EXACT format:
<o>
{
    "metrics": [...],
    "dimensions": [...],
    "time_range": {...},
    "filters": {...},
    "sort": {...}
}
</o>

Rules:
1. The <o> and </o> tags are MANDATORY - responses without these tags will cause ERRORS
2. Between these tags, output ONLY valid JSON
3. No other text, explanations, or formatting is allowed
4. All JSON must use double quotes for keys and string values
5. All field names must be lowercase
6. Dates must use ISO format YYYY-MM-DD
7. Arrays must use square brackets []
8. Objects must use curly braces {}
9. Empty fields must use appropriate empty structures ([] for arrays, {} for objects)
</system>

<user>Parse this query into a structured JSON format: "Show me total revenue by product for last month"

Remember: Your response MUST start with <o> and end with </o></user>

<assistant>Here are some examples of correctly formatted responses:

Query: "Show me revenue and units by product for Q1 2024"
<o>
{
    "metrics": ["revenue", "units"],
    "time_range": {
        "start": "2024-01-01",
        "end": "2024-03-31"
    },
    "dimensions": ["product"],
    "filters": {},
    "sort": {}
}
</o>

Query: "What were our top 5 categories by revenue last month with sales over $1000?"
<o>
{
    "metrics": ["revenue"],
    "time_range": {
        "start": "2024-02-01",
        "end": "2024-02-29"
    },
    "dimensions": ["category"],
    "filters": {
        "revenue": ">=1000"
    },
    "sort": {
        "revenue": "desc"
    },
    "limit": 5
}
</o>

Now parse the given query and return ONLY your JSON response between <o></o> tags:</assistant>

<user>Return your response now, following the format exactly. Remember to wrap your response in <o></o> tags:</user>
========================================================================================================================

DEBUG    analysis.analysis_agent:analysis_agent.py:109 Sending prompt to LLM...
DEBUG    httpcore.connection:_trace.py:45 connect_tcp.started host='127.0.0.1' port=11434 local_address=None timeout=None socket_options=None
DEBUG    httpcore.connection:_trace.py:45 connect_tcp.complete return_value=<httpcore._backends.sync.SyncStream object at 0x16e99b6b0>
DEBUG    httpcore.http11:_trace.py:45 send_request_headers.started request=<Request [b'POST']>
DEBUG    httpcore.http11:_trace.py:45 send_request_headers.complete
DEBUG    httpcore.http11:_trace.py:45 send_request_body.started request=<Request [b'POST']>
DEBUG    httpcore.http11:_trace.py:45 send_request_body.complete
DEBUG    httpcore.http11:_trace.py:45 receive_response_headers.started request=<Request [b'POST']>
DEBUG    httpcore.http11:_trace.py:45 receive_response_headers.complete return_value=(b'HTTP/1.1', 200, b'OK', [(b'Content-Type', b'application/x-ndjson'), (b'Date', b'Tue, 28 Jan 2025 10:41:28 GMT'), (b'Transfer-Encoding', b'chunked')])
INFO     httpx:_client.py:1026 HTTP Request: POST http://127.0.0.1:11434/api/generate "HTTP/1.1 200 OK"
DEBUG    httpcore.http11:_trace.py:45 receive_response_body.started request=<Request [b'POST']>
DEBUG    httpcore.http11:_trace.py:45 receive_response_body.complete
DEBUG    httpcore.http11:_trace.py:45 response_closed.started
DEBUG    httpcore.http11:_trace.py:45 response_closed.complete
DEBUG    analysis.analysis_agent:analysis_agent.py:26 
========================================================================================================================
RAW MODEL RESPONSE:
========================================================================================================================
{
    "metrics": ["total revenue"],
    "dimensions": ["product"],
    "time_range": {
        "start": "2023-12-01",
        "end": "2023-12-31"
    },
    "filters": {},
    "sort": {}
}
========================================================================================================================

DEBUG    analysis.analysis_agent:analysis_agent.py:26 
========================================================================================================================
EXTRACTING JSON FROM RESPONSE:
========================================================================================================================
{
    "metrics": ["total revenue"],
    "dimensions": ["product"],
    "time_range": {
        "start": "2023-12-01",
        "end": "2023-12-31"
    },
    "filters": {},
    "sort": {}
}
========================================================================================================================

ERROR    analysis.analysis_agent:analysis_agent.py:140 No <o> tags found in response
DEBUG    analysis.analysis_agent:analysis_agent.py:26 
========================================================================================================================
PROCESSED RESPONSE (NO TAGS FOUND):
========================================================================================================================
{
    "metrics": ["total revenue"],
    "dimensions": ["product"],
    "time_range": {
        "start": "2023-12-01",
        "end": "2023-12-31"
    },
    "filters": {},
    "sort": {}
}
========================================================================================================================

ERROR    tests.test_agents:test_agents.py:291 Test failed: No <o> tags found in response
---------------------------- Captured log teardown -----------------------------
INFO     tests.test_agents:test_agents.py:31 
========================================================================================================================

INFO     tests.test_agents:test_agents.py:41 Finished test: test_model_output_formatting[Show me total revenue by product for last month-expected_format0]
INFO     tests.test_agents:test_agents.py:31 
========================================================================================================================
_ test_model_output_formatting[Generate SQL to calculate daily sales-expected_format1] _
tests/test_agents.py:276: in test_model_output_formatting
    params = analysis_agent.parse_user_query(query)
analysis/analysis_agent.py:119: in parse_user_query
    cleaned_response = self._extract_json_from_response(raw_response)
analysis/analysis_agent.py:142: in _extract_json_from_response
    raise Exception("No <o> tags found in response")
E   Exception: No <o> tags found in response
------------------------------ Captured log setup ------------------------------
INFO     tests.test_agents:test_agents.py:31 
========================================================================================================================

INFO     tests.test_agents:test_agents.py:37 Starting test: test_model_output_formatting[Generate SQL to calculate daily sales-expected_format1]
INFO     tests.test_agents:test_agents.py:31 
========================================================================================================================

INFO     tests.test_agents:test_agents.py:67 Setting up mock database
DEBUG    tests.test_agents:test_agents.py:74 Mock database schema configured
INFO     tests.test_agents:test_agents.py:47 Initializing OllamaLLM for testing
DEBUG    httpx:_config.py:80 load_ssl_context verify=True cert=None trust_env=True http2=False
DEBUG    httpx:_config.py:146 load_verify_locations cafile='/opt/anaconda3/lib/python3.12/site-packages/certifi/cacert.pem'
DEBUG    httpx:_config.py:80 load_ssl_context verify=True cert=None trust_env=True http2=False
DEBUG    httpx:_config.py:146 load_verify_locations cafile='/opt/anaconda3/lib/python3.12/site-packages/certifi/cacert.pem'
INFO     analysis.analysis_agent:analysis_agent.py:34 Initializing AnalysisAgent
INFO     analysis.analysis_agent:analysis_agent.py:98 Successfully initialized all components
------------------------------ Captured log call -------------------------------
INFO     tests.test_agents:test_agents.py:256 Testing model output formatting for query: Generate SQL to calculate daily sales
INFO     analysis.analysis_agent:analysis_agent.py:102 Parsing user query: Generate SQL to calculate daily sales
DEBUG    analysis.analysis_agent:analysis_agent.py:26 
========================================================================================================================
PROMPT TO MODEL:
========================================================================================================================
<system>You are a query parser that converts natural language queries into structured JSON format.

CRITICAL: Your response MUST follow this EXACT format:
<o>
{
    "metrics": [...],
    "dimensions": [...],
    "time_range": {...},
    "filters": {...},
    "sort": {...}
}
</o>

Rules:
1. The <o> and </o> tags are MANDATORY - responses without these tags will cause ERRORS
2. Between these tags, output ONLY valid JSON
3. No other text, explanations, or formatting is allowed
4. All JSON must use double quotes for keys and string values
5. All field names must be lowercase
6. Dates must use ISO format YYYY-MM-DD
7. Arrays must use square brackets []
8. Objects must use curly braces {}
9. Empty fields must use appropriate empty structures ([] for arrays, {} for objects)
</system>

<user>Parse this query into a structured JSON format: "Generate SQL to calculate daily sales"

Remember: Your response MUST start with <o> and end with </o></user>

<assistant>Here are some examples of correctly formatted responses:

Query: "Show me revenue and units by product for Q1 2024"
<o>
{
    "metrics": ["revenue", "units"],
    "time_range": {
        "start": "2024-01-01",
        "end": "2024-03-31"
    },
    "dimensions": ["product"],
    "filters": {},
    "sort": {}
}
</o>

Query: "What were our top 5 categories by revenue last month with sales over $1000?"
<o>
{
    "metrics": ["revenue"],
    "time_range": {
        "start": "2024-02-01",
        "end": "2024-02-29"
    },
    "dimensions": ["category"],
    "filters": {
        "revenue": ">=1000"
    },
    "sort": {
        "revenue": "desc"
    },
    "limit": 5
}
</o>

Now parse the given query and return ONLY your JSON response between <o></o> tags:</assistant>

<user>Return your response now, following the format exactly. Remember to wrap your response in <o></o> tags:</user>
========================================================================================================================

DEBUG    analysis.analysis_agent:analysis_agent.py:109 Sending prompt to LLM...
DEBUG    httpcore.connection:_trace.py:45 connect_tcp.started host='127.0.0.1' port=11434 local_address=None timeout=None socket_options=None
DEBUG    httpcore.connection:_trace.py:45 connect_tcp.complete return_value=<httpcore._backends.sync.SyncStream object at 0x16e99b8f0>
DEBUG    httpcore.http11:_trace.py:45 send_request_headers.started request=<Request [b'POST']>
DEBUG    httpcore.http11:_trace.py:45 send_request_headers.complete
DEBUG    httpcore.http11:_trace.py:45 send_request_body.started request=<Request [b'POST']>
DEBUG    httpcore.http11:_trace.py:45 send_request_body.complete
DEBUG    httpcore.http11:_trace.py:45 receive_response_headers.started request=<Request [b'POST']>
DEBUG    httpcore.http11:_trace.py:45 receive_response_headers.complete return_value=(b'HTTP/1.1', 200, b'OK', [(b'Content-Type', b'application/x-ndjson'), (b'Date', b'Tue, 28 Jan 2025 10:41:39 GMT'), (b'Transfer-Encoding', b'chunked')])
INFO     httpx:_client.py:1026 HTTP Request: POST http://127.0.0.1:11434/api/generate "HTTP/1.1 200 OK"
DEBUG    httpcore.http11:_trace.py:45 receive_response_body.started request=<Request [b'POST']>
DEBUG    httpcore.http11:_trace.py:45 receive_response_body.complete
DEBUG    httpcore.http11:_trace.py:45 response_closed.started
DEBUG    httpcore.http11:_trace.py:45 response_closed.complete
DEBUG    analysis.analysis_agent:analysis_agent.py:26 
========================================================================================================================
RAW MODEL RESPONSE:
========================================================================================================================
{
    "metrics": ["daily sales"],
    "dimensions": [],
    "time_range": {},
    "filters": {},
    "sort": {}
}
  
  										
 									

 	



 	





 

 
 

 

 

 

 

 

 

 

 

 

 

 

 

 

 

 


========================================================================================================================

DEBUG    analysis.analysis_agent:analysis_agent.py:26 
========================================================================================================================
EXTRACTING JSON FROM RESPONSE:
========================================================================================================================
{
    "metrics": ["daily sales"],
    "dimensions": [],
    "time_range": {},
    "filters": {},
    "sort": {}
}
  
  										
 									

 	



 	





 

 
 

 

 

 

 

 

 

 

 

 

 

 

 

 

 

 


========================================================================================================================

ERROR    analysis.analysis_agent:analysis_agent.py:140 No <o> tags found in response
DEBUG    analysis.analysis_agent:analysis_agent.py:26 
========================================================================================================================
PROCESSED RESPONSE (NO TAGS FOUND):
========================================================================================================================
{
    "metrics": ["daily sales"],
    "dimensions": [],
    "time_range": {},
    "filters": {},
    "sort": {}
}
  
  										
 									

 	



 	





 

 
 

 

 

 

 

 

 

 

 

 

 

 

 

 

 

 


========================================================================================================================

ERROR    tests.test_agents:test_agents.py:291 Test failed: No <o> tags found in response
---------------------------- Captured log teardown -----------------------------
INFO     tests.test_agents:test_agents.py:31 
========================================================================================================================

INFO     tests.test_agents:test_agents.py:41 Finished test: test_model_output_formatting[Generate SQL to calculate daily sales-expected_format1]
INFO     tests.test_agents:test_agents.py:31 
========================================================================================================================
=============================== warnings summary ===============================
../../../../../../opt/anaconda3/lib/python3.12/site-packages/_pytest/config/__init__.py:1373
  /opt/anaconda3/lib/python3.12/site-packages/_pytest/config/__init__.py:1373: PytestConfigWarning: Unknown config option: python_paths
  
    self._warn_or_fail_if_strict(f"Unknown config option: {key}\n")

-- Docs: https://docs.pytest.org/en/stable/how-to/capture-warnings.html
=========================== short test summary info ============================
FAILED tests/test_agents.py::test_parse_user_query - Exception: No <o> tags f...
FAILED tests/test_agents.py::test_generate_sql - Exception: No <sql> tags fou...
FAILED tests/test_agents.py::test_execute_analysis - Exception: Analysis exec...
FAILED tests/test_agents.py::test_query_understanding[What was the total revenue?-expected_metrics0]
FAILED tests/test_agents.py::test_query_understanding[How many units were sold by product?-expected_metrics1]
FAILED tests/test_agents.py::test_query_understanding[What's the average price by category?-expected_metrics2]
FAILED tests/test_agents.py::test_end_to_end_analysis - Exception: Analysis e...
FAILED tests/test_agents.py::test_model_output_formatting[Show me total revenue by product for last month-expected_format0]
FAILED tests/test_agents.py::test_model_output_formatting[Generate SQL to calculate daily sales-expected_format1]
============== 9 failed, 4 passed, 1 warning in 105.30s (0:01:45) ==============
